******************************************************************************
                  TI ARM Linker PC v20.2.7                     
******************************************************************************
>> Linked Fri Aug 18 09:50:31 2023

OUTPUT FILE NAME:   <gpiointerrupt_CC3220S_LAUNCHXL_nortos_ccs.out>
ENTRY POINT SYMBOL: "resetISR"  address: 20011eb1


MEMORY CONFIGURATION

         name            origin    length      used     unused   attr    fill
----------------------  --------  ---------  --------  --------  ----  --------
  SRAM2                 20000000   00004000  0000130c  00002cf4  RW X
  SRAM                  20004000   0003c000  0000f53a  0002cac6  RW X
  LOG_DATA              90000000   00040000  00000000  00040000  R   


SEGMENT ALLOCATION MAP

run origin  load origin   length   init length attrs members
----------  ----------- ---------- ----------- ----- -------
20003000    20003000    00001000   00000000    rw-
  20003000    20003000    00001000   00000000    rw- .stack
20004000    20004000    00000040   00000040    r--
  20004000    20004000    00000040   00000040    r-- .resetVecs
20004040    20004040    00008000   00000000    rw-
  20004040    20004040    00008000   00000000    rw- .sysmem
2000c040    2000c040    000063aa   000063aa    r-x
  2000c040    2000c040    000063aa   000063aa    r-x .text
200123ec    200123ec    000006e0   00000000    rw-
  200123ec    200123ec    000006e0   00000000    rw- .data
20012acc    20012acc    000004e0   000004e0    r--
  20012acc    20012acc    000004e0   000004e0    r-- .const
20012fb0    20012fb0    00000498   00000000    rw-
  20012fb0    20012fb0    00000498   00000000    rw- .bss
20013448    20013448    000000f8   000000f8    r--
  20013448    20013448    000000f8   000000f8    r-- .cinit


SECTION ALLOCATION MAP

 output                                  attributes/
section   page    origin      length       input sections
--------  ----  ----------  ----------   ----------------
.text      0    2000c040    000063aa     
                  2000c040    00000a4e     rtsv7M4_T_le_eabi.lib : _printfi.c.obj (.text:__TI_printfi)
                  2000ca8e    00000002     ti_drivers_config.obj (.text:Board_initHook)
                  2000ca90    0000042c     driverlib.a : prcm.obj (.text:PRCMCC3200MCUInit)
                  2000cebc    00000288     drivers_cc32xx.a : UARTCC32XX.oem4 (.text:UARTCC32XX_open)
                  2000d144    00000268     rtsv7M4_T_le_eabi.lib : _printfi.c.obj (.text:_pconv_a)
                  2000d3ac    000001d0     gpiointerrupt.obj (.text:initI2C)
                  2000d57c    000001cc     rtsv7M4_T_le_eabi.lib : _printfi.c.obj (.text:_pconv_g)
                  2000d748    000001b6                           : fd_add_t2.asm.obj (.text)
                  2000d8fe    00000002     drivers_cc32xx.a : I2C.oem4 (.text:I2C_init)
                  2000d900    000001a0     nortos_cc32xx.a : PowerCC32XX_nortos.oem4 (.text:PowerCC32XX_sleepPolicy)
                  2000daa0    00000154     drivers_cc32xx.a : GPIOCC32XX.oem4 (.text:GPIO_setConfig)
                  2000dbf4    00000148                      : I2CCC32XX.oem4 (.text:I2CCC32XX_hwiFxn)
                  2000dd3c    00000148                      : PowerCC32XX.oem4 (.text:parkPins)
                  2000de84    0000013c     rtsv7M4_T_le_eabi.lib : _printfi.c.obj (.text:_pconv_e)
                  2000dfc0    00000138     drivers_cc32xx.a : PowerCC32XX.oem4 (.text:Power_sleep)
                  2000e0f8    00000138                      : TimerCC32XX.oem4 (.text:Timer_open)
                  2000e230    00000136     rtsv7M4_T_le_eabi.lib : fd_div_t2.asm.obj (.text)
                  2000e366    00000122     drivers_cc32xx.a : I2C.oem4 (.text:I2C_transferTimeout)
                  2000e488    00000120                      : UARTCC32XX.oem4 (.text:UARTCC32XX_close)
                  2000e5a8    00000120     rtsv7M4_T_le_eabi.lib : _printfi.c.obj (.text:fcvt)
                  2000e6c8    00000100                           : memory.c.obj (.text:aligned_alloc)
                  2000e7c8    000000fc     drivers_cc32xx.a : I2CCC32XX.oem4 (.text:I2C_open)
                  2000e8c4    000000fc     rtsv7M4_T_le_eabi.lib : fd_mul_t2.asm.obj (.text)
                  2000e9c0    000000f2     drivers_cc32xx.a : UARTCC32XX.oem4 (.text:UARTCC32XX_control)
                  2000eab2    00000002     nortos_cc32xx.a : PowerCC32XX_nortos.oem4 (.text:PowerCC32XX_initPolicy)
                  2000eab4    000000e8     gpiointerrupt.obj (.text:readTemp)
                  2000eb9c    000000e4     rtsv7M4_T_le_eabi.lib : memory.c.obj (.text:free)
                  2000ec80    000000d0                           : s_scalbn.c.obj (.text:scalbn)
                  2000ed50    000000ca     drivers_cc32xx.a : UARTCC32XX.oem4 (.text:UARTCC32XX_write)
                  2000ee1a    00000002     nortos_cc32xx.a : SemaphoreP_nortos.oem4 (.text:SemaphoreP_destruct)
                  2000ee1c    000000c0     drivers_cc32xx.a : PowerCC32XX.oem4 (.text:restoreParkedPins)
                  2000eedc    000000ba                      : UARTCC32XX.oem4 (.text:UARTCC32XX_readPolling)
                  2000ef96    00000002                      : Timer.oem4 (.text:Timer_init)
                  2000ef98    000000b8                      : UARTCC32XX.oem4 (.text:initHw)
                  2000f050    000000b8     gpiointerrupt.obj (.text:mainThread)
                  2000f108    000000b6     drivers_cc32xx.a : UARTCC32XX.oem4 (.text:readTaskCallback)
                  2000f1be    000000b2                      : I2CCC32XX.oem4 (.text:I2CCC32XX_completeTransfer)
                  2000f270    000000b1     rtsv7M4_T_le_eabi.lib : _printfi.c.obj (.text:_ltostr)
                  2000f321    00000001     --HOLE-- [fill = 0]
                  2000f322    000000b0     drivers_cc32xx.a : UARTCC32XX.oem4 (.text:readTaskBlocking)
                  2000f3d2    000000ae                      : UARTCC32XX.oem4 (.text:readIsrTextBlocking)
                  2000f480    000000a8                      : I2CCC32XX.oem4 (.text:I2CCC32XX_primeWriteBurst)
                  2000f528    000000a8     driverlib.a : interrupt.obj (.text:IntEnable)
                  2000f5d0    000000a8     drivers_cc32xx.a : PowerCC32XX.oem4 (.text:PowerCC32XX_configureWakeup)
                  2000f678    000000a2                      : UARTCC32XX.oem4 (.text:readIsrTextCallback)
                  2000f71a    000000a2                      : UARTCC32XX.oem4 (.text:writeData)
                  2000f7bc    000000a0     nortos_cc32xx.a : SemaphoreP_nortos.oem4 (.text:SemaphoreP_pend)
                  2000f85c    0000009c     drivers_cc32xx.a : I2CCC32XX.oem4 (.text:I2CCC32XX_initHw)
                  2000f8f8    0000009c     rtsv7M4_T_le_eabi.lib : memcpy_t2.asm.obj (.text)
                  2000f994    00000096                           : ull_div_t2.asm.obj (.text)
                  2000fa2a    00000002     drivers_cc32xx.a : UARTCC32XX.oem4 (.text:UARTCC32XX_init)
                  2000fa2c    00000090                      : GPIOCC32XX.oem4 (.text:GPIO_init)
                  2000fabc    00000090                      : PowerCC32XX.oem4 (.text:restoreNVICRegs)
                  2000fb4c    0000008c     nortos_cc32xx.a : HwiPCC32XX_nortos.oem4 (.text:HwiP_construct)
                  2000fbd8    00000088     driverlib.a : interrupt.obj (.text:IntPendSet)
                  2000fc60    00000088                 : pin.obj (.text:PinConfigSet)
                  2000fce8    00000086     rtsv7M4_T_le_eabi.lib : fd_cmp_t2.asm.obj (.text:__aeabi_cdcmple)
                  2000fd6e    00000086                           : fd_cmp_t2.asm.obj (.text:__aeabi_cdrcmple)
                  2000fdf4    00000084     drivers_cc32xx.a : PowerCC32XX.oem4 (.text:Power_init)
                  2000fe78    00000084                      : PowerCC32XX.oem4 (.text:saveNVICRegs)
                  2000fefc    00000080                      : GPIOCC32XX.oem4 (.text:GPIO_write)
                  2000ff7c    00000080                      : PowerCC32XX.oem4 (.text:Power_setDependency)
                  2000fffc    0000007c                      : UARTCC32XX.oem4 (.text:readIsrBinaryBlocking)
                  20010078    0000007a                      : I2CCC32XX.oem4 (.text:I2CCC32XX_primeReadBurst)
                  200100f2    0000007a     rtsv7M4_T_le_eabi.lib : fs_mul_t2.asm.obj (.text)
                  2001016c    0000007a                           : memset_t2.asm.obj (.text)
                  200101e6    00000078     drivers_cc32xx.a : UARTCC32XX.oem4 (.text:readIsrBinaryCallback)
                  2001025e    00000074                      : UARTCC32XX.oem4 (.text:UARTCC32XX_hwiIntFxn)
                  200102d2    00000002     rtsv7M4_T_le_eabi.lib : _lock.c.obj (.text:_nop)
                  200102d4    00000074     drivers_cc32xx.a : GPIOCC32XX.oem4 (.text:powerNotifyFxn)
                  20010348    00000070     rtsv7M4_T_le_eabi.lib : memory.c.obj (.text:split)
                  200103b8    0000006e                           : _printfi.c.obj (.text:_mcpy)
                  20010426    0000006a     drivers_cc32xx.a : I2CCC32XX.oem4 (.text:I2CSupport_primeTransfer)
                  20010490    00000068     rtsv7M4_T_le_eabi.lib : copy_decompress_lzss.c.obj (.text:decompress:lzss:__TI_decompress_lzss)
                  200104f8    00000066     drivers_cc32xx.a : UARTCC32XX.oem4 (.text:UARTCC32XX_writeCancel)
                  2001055e    00000002     nortos_cc32xx.a : startup_cc32xx_ccs.oem4 (.text:busFaultHandler)
                  20010560    00000064     drivers_cc32xx.a : GPIOCC32XX.oem4 (.text:GPIO_setInterruptConfig)
                  200105c4    00000064                      : PowerCC32XX.oem4 (.text:PowerCC32XX_setParkState)
                  20010628    00000064     gpiointerrupt.obj (.text:TickFunc_Report)
                  2001068c    00000062     drivers_cc32xx.a : UARTCC32XX.oem4 (.text:UARTCC32XX_writePolling)
                  200106ee    00000002     nortos_cc32xx.a : SemaphoreP_nortos.oem4 (.text:clkFxn)
                  200106f0    00000060     drivers_cc32xx.a : GPIOCC32XX.oem4 (.text:GPIO_hwiIntFxn)
                  20010750    00000060     driverlib.a : prcm.obj (.text:PRCMSysResetCauseGet)
                  200107b0    0000005c     rtsv7M4_T_le_eabi.lib : s_frexp.c.obj (.text:frexp)
                  2001080c    0000005c     nortos_cc32xx.a : ClockPSysTick_nortos.oem4 (.text:sysTickInit)
                  20010868    00000058     driverlib.a : prcm.obj (.text:PRCMPeripheralReset)
                  200108c0    00000058     drivers_cc32xx.a : PowerCC32XX.oem4 (.text:Power_releaseDependency)
                  20010918    00000056     rtsv7M4_T_le_eabi.lib : _printfi.c.obj (.text:_pconv_f)
                  2001096e    00000054                           : _ltoa.c.obj (.text:__TI_ltoa)
                  200109c2    00000054     drivers_cc32xx.a : UARTCC32XX.oem4 (.text:ringBufGet)
                  20010a16    00000052                      : PowerCC32XX_asm.oem4 (.text:PowerCC32XX_resumeLPDS)
                  20010a68    00000052     rtsv7M4_T_le_eabi.lib : _printfi.c.obj (.text:_ecpy)
                  20010aba    00000052     drivers_cc32xx.a : TimerCC32XX.oem4 (.text:initHw)
                  20010b0c    00000050     nortos_cc32xx.a : ClockPSysTick_nortos.oem4 (.text:ClockP_sysTickHandler)
                  20010b5c    00000050                     : SemaphoreP_nortos.oem4 (.text:SemaphoreP_construct)
                  20010bac    00000050     gpiointerrupt.obj (.text:TickFunc_ButtonCheck)
                  20010bfc    00000050     drivers_cc32xx.a : TimerCC32XX.oem4 (.text:TimerCC32XX_allocateTimerResource)
                  20010c4c    0000004c                      : I2CCC32XX.oem4 (.text:I2CCC32XX_readRecieveFifo)
                  20010c98    0000004c                      : PowerCC32XX.oem4 (.text:PowerCC32XX_parkPin)
                  20010ce4    0000004c     rtsv7M4_T_le_eabi.lib : atoi.c.obj (.text:atoi)
                  20010d30    0000004c     gpiointerrupt.obj (.text:initTimer)
                  20010d7c    0000004c     drivers_cc32xx.a : PowerCC32XX.oem4 (.text:restorePeriphClocks)
                  20010dc8    0000004c     rtsv7M4_T_le_eabi.lib : snprintf.c.obj (.text:snprintf)
                  20010e14    00000048     driverlib.a : flash.obj (.text:FlashDisable)
                  20010e5c    00000048     drivers_cc32xx.a : GPIOCC32XX.oem4 (.text:GPIO_disableInt)
                  20010ea4    00000048                      : GPIOCC32XX.oem4 (.text:GPIO_enableInt)
                  20010eec    00000048     driverlib.a : prcm.obj (.text:PRCMLPDSEnter)
                  20010f34    00000048                 : prcm.obj (.text:PRCMPeripheralClkEnable)
                  20010f7c    00000048     drivers_cc32xx.a : PowerCC32XX.oem4 (.text:Power_releaseConstraint)
                  20010fc4    00000048     rtsv7M4_T_le_eabi.lib : fd_toi_t2.asm.obj (.text)
                  2001100c    00000046     drivers_cc32xx.a : RingBuf.oem4 (.text:RingBuf_put)
                  20011052    00000046                      : TimerCC32XX.oem4 (.text:getPrescaler)
                  20011098    00000044     nortos_cc32xx.a : ClockPSysTick_nortos.oem4 (.text:ClockP_stop)
                  200110dc    00000044     driverlib.a : prcm.obj (.text:PRCMLPDSRestoreInfoSet)
                  20011120    00000044     drivers_cc32xx.a : PowerCC32XX_asm.oem4 (.text:PowerCC32XX_enterLPDS)
                  20011164    00000044     nortos_cc32xx.a : SemaphoreP_nortos.oem4 (.text:SemaphoreP_post)
                  200111a8    00000044                     : SwiP_nortos.oem4 (.text:SwiP_restore)
                  200111ec    00000044     drivers_cc32xx.a : Timer.oem4 (.text:Timer_start)
                  20011230    00000044                      : UART.oem4 (.text:UART_init)
                  20011274    00000044     rtsv7M4_T_le_eabi.lib : autoinit.c.obj (.text:__TI_auto_init_nobinit_nopinit:__TI_auto_init_nobinit_nopinit)
                  200112b8    00000040     nortos_cc32xx.a : ClockPSysTick_nortos.oem4 (.text:ClockP_construct)
                  200112f8    00000040     driverlib.a : pin.obj (.text:PinModeSet)
                  20011338    00000040     drivers_cc32xx.a : RingBuf.oem4 (.text:RingBuf_get)
                  20011378    00000040                      : TimerCC32XX.oem4 (.text:TimerSupport_timerEnable)
                  200113b8    00000040                      : TimerCC32XX.oem4 (.text:Timer_close)
                  200113f8    00000040                      : UARTCC32XX.oem4 (.text:UARTCC32XX_read)
                  20011438    00000040                      : UART.oem4 (.text:UART_open)
                  20011478    0000003e     rtsv7M4_T_le_eabi.lib : _printfi.c.obj (.text:_fcpy)
                  200114b6    00000002     nortos_cc32xx.a : startup_cc32xx_ccs.oem4 (.text:defaultHandler)
                  200114b8    0000003c                     : ClockPSysTick_nortos.oem4 (.text:ClockP_destruct)
                  200114f4    0000003c     drivers_cc32xx.a : PowerCC32XX.oem4 (.text:Power_setConstraint)
                  20011530    0000003c     gpiointerrupt.obj (.text:initUART)
                  2001156c    0000003a     nortos_cc32xx.a : PowerCC32XX_nortos.oem4 (.text:getCountsRTC)
                  200115a6    00000002                     : startup_cc32xx_ccs.oem4 (.text:faultISR)
                  200115a8    00000038     driverlib.a : prcm.obj (.text:PRCMLPDSEnterKeepDebugIf)
                  200115e0    00000038     nortos_cc32xx.a : ClockPSysTick_nortos.oem4 (.text:addToList)
                  20011618    00000038                     : startup_cc32xx_ccs.oem4 (.text:initVectors)
                  20011650    00000038     drivers_cc32xx.a : PowerCC32XX.oem4 (.text:notify)
                  20011688    00000038     rtsv7M4_T_le_eabi.lib : fs_toi_t2.asm.obj (.text)
                  200116c0    00000038                           : i_tofs_t2.asm.obj (.text)
                  200116f8    00000036     driverlib.a : timer.obj (.text:TimerControlStall)
                  2001172e    00000036     drivers_cc32xx.a : Timer.oem4 (.text:Timer_stop)
                  20011764    00000036                      : UARTCC32XX.oem4 (.text:UARTCC32XX_readCancel)
                  2001179a    00000002     nortos_cc32xx.a : startup_cc32xx_ccs.oem4 (.text:nmiISR)
                  2001179c    00000034                     : ClockPSysTick_nortos.oem4 (.text:ClockP_getTicksUntilInterrupt)
                  200117d0    00000034                     : ClockPSysTick_nortos.oem4 (.text:ClockP_startup)
                  20011804    00000034     driverlib.a : pin.obj (.text:PinModeGet)
                  20011838    00000034     drivers_cc32xx.a : PowerCC32XX.oem4 (.text:PowerCC32XX_restoreParkState)
                  2001186c    00000034     gpiointerrupt.obj (.text:TickFunc_TempCheck)
                  200118a0    00000034     drivers_cc32xx.a : TimerCC32XX.oem4 (.text:TimerCC32XX_freeTimerResource)
                  200118d4    00000034                      : TimerCC32XX.oem4 (.text:TimerCC32XX_hwiIntFunction)
                  20011908    00000034     gpiointerrupt.obj (.text:TimerISR)
                  2001193c    00000034     drivers_cc32xx.a : TimerCC32XX.oem4 (.text:getPowerMgrId)
                  20011970    00000030     nortos_cc32xx.a : ClockPSysTick_nortos.oem4 (.text:ClockP_start)
                  200119a0    00000030     drivers_cc32xx.a : PowerCC32XX.oem4 (.text:PowerCC32XX_restoreParkedPin)
                  200119d0    00000030     gpiointerrupt.obj (.text:TickFunc_UpdateLED)
                  20011a00    00000030     rtsv7M4_T_le_eabi.lib : snprintf.c.obj (.text:_outs)
                  20011a30    0000002e                           : i_tofd_t2.asm.obj (.text)
                  20011a5e    00000002                           : div0.asm.obj (.text)
                  20011a60    0000002c     drivers_cc32xx.a : PowerCC32XX.oem4 (.text:PowerCC32XX_getParkState)
                  20011a8c    0000002a     nortos_cc32xx.a : HwiPCC32XX_nortos.oem4 (.text:HwiP_create)
                  20011ab6    0000002a     driverlib.a : timer.obj (.text:TimerLoadSet)
                  20011ae0    0000002a                 : timer.obj (.text:TimerPrescaleSet)
                  20011b0a    00000028                 : i2c.obj (.text:I2CFIFODataPutNonBlocking)
                  20011b32    00000002     --HOLE-- [fill = 0]
                  20011b34    00000028                 : prcm.obj (.text:PRCMPeripheralClkDisable)
                  20011b5c    00000028     drivers_cc32xx.a : PowerCC32XX.oem4 (.text:Power_registerNotify)
                  20011b84    00000028     rtsv7M4_T_le_eabi.lib : memory.c.obj (.text:free_list_insert)
                  20011bac    00000026     driverlib.a : i2c.obj (.text:I2CFIFODataGetNonBlocking)
                  20011bd2    00000026     drivers_cc32xx.a : I2C.oem4 (.text:I2C_cancel)
                  20011bf8    00000026                      : List.oem4 (.text:List_put)
                  20011c1e    00000026                      : List.oem4 (.text:List_remove)
                  20011c44    00000024     nortos_cc32xx.a : HwiPCC32XX_nortos.oem4 (.text:HwiP_dispatch)
                  20011c68    00000024     drivers_cc32xx.a : PowerCC32XX.oem4 (.text:PowerCC32XX_reset)
                  20011c8c    00000024                      : TimerCC32XX.oem4 (.text:TimerSupport_timerDisable)
                  20011cb0    00000024     rtsv7M4_T_le_eabi.lib : boot_cortex_m.c.obj (.text:_c_int00_noargs:_c_int00_noargs)
                  20011cd4    00000022     driverlib.a : i2c.obj (.text:I2CMasterSlaveAddrSet)
                  20011cf6    00000020     nortos_cc32xx.a : HwiPCC32XX_nortos.oem4 (.text:HwiP_destruct)
                  20011d16    00000002     --HOLE-- [fill = 0]
                  20011d18    00000020     drivers_cc32xx.a : PowerCC32XX.oem4 (.text:Power_unregisterNotify)
                  20011d38    00000020                      : RingBuf.oem4 (.text:RingBuf_peek)
                  20011d58    00000020                      : UARTCC32XX.oem4 (.text:getPowerMgrId)
                  20011d78    0000001e     driverlib.a : i2c.obj (.text:I2CMasterIntStatusEx)
                  20011d96    0000001e     nortos_cc32xx.a : SemaphoreP_nortos.oem4 (.text:SemaphoreP_constructBinary)
                  20011db4    0000001e     driverlib.a : timer.obj (.text:TimerDisable)
                  20011dd2    0000001e                 : timer.obj (.text:TimerEnable)
                  20011df0    0000001c     drivers_cc32xx.a : GPIO.oem4 (.text:GPIO_setCallback)
                  20011e0c    0000001c     driverlib.a : pin.obj (.text:PinToPadGet)
                  20011e28    0000001c     nortos_cc32xx.a : SwiP_nortos.oem4 (.text:SwiP_disable)
                  20011e44    0000001c     rtsv7M4_T_le_eabi.lib : memory.c.obj (.text:free_list_remove)
                  20011e60    0000001c                           : memccpy.c.obj (.text:memccpy)
                  20011e7c    0000001a     nortos_cc32xx.a : ClockPSysTick_nortos.oem4 (.text:ClockP_create)
                  20011e96    0000001a                     : SemaphoreP_nortos.oem4 (.text:SemaphoreP_createBinary)
                  20011eb0    0000001a                     : startup_cc32xx_ccs.oem4 (.text:resetISR)
                  20011eca    00000018     driverlib.a : i2c.obj (.text:I2CMasterBusBusy)
                  20011ee2    00000018                 : i2c.obj (.text:I2CMasterIntDisableEx)
                  20011efa    00000018                 : i2c.obj (.text:I2CMasterIntEnableEx)
                  20011f12    00000018                 : i2c.obj (.text:I2CRxFIFOFlush)
                  20011f2a    00000018                 : i2c.obj (.text:I2CTxFIFOFlush)
                  20011f42    00000002     --HOLE-- [fill = 0]
                  20011f44    00000018     drivers_cc32xx.a : PowerCC32XX.oem4 (.text:Power_getTransitionLatency)
                  20011f5c    00000018                      : PowerCC32XX.oem4 (.text:Power_idleFunc)
                  20011f74    00000018     driverlib.a : timer.obj (.text:TimerIntDisable)
                  20011f8c    00000018                 : timer.obj (.text:TimerIntEnable)
                  20011fa4    00000018                 : uart.obj (.text:UARTBusy)
                  20011fbc    00000018                 : uart.obj (.text:UARTIntEnable)
                  20011fd4    00000018     drivers_cc32xx.a : UART.oem4 (.text:UART_Params_init)
                  20011fec    00000018     rtsv7M4_T_le_eabi.lib : snprintf.c.obj (.text:_outc)
                  20012004    00000018                           : ll_mul_t2.asm.obj (.text)
                  2001201c    00000016     driverlib.a : i2c.obj (.text:I2CMasterBurstLengthSet)
                  20012032    00000016                 : prcm.obj (.text:PRCMHIBRegRead)
                  20012048    00000016                 : prcm.obj (.text:PRCMHIBRegWrite)
                  2001205e    00000016     nortos_cc32xx.a : SemaphoreP_nortos.oem4 (.text:SemaphoreP_create)
                  20012074    00000016     rtsv7M4_T_le_eabi.lib : strchr.c.obj (.text:strchr)
                  2001208a    00000014     ti_drivers_config.obj (.text:Board_init)
                  2001209e    00000014     driverlib.a : cpu.obj (.text:CPUcpsid)
                  200120b2    00000002     --HOLE-- [fill = 0]
                  200120b4    00000014     nortos_cc32xx.a : HwiPCC32XX_nortos.oem4 (.text:HwiP_inISR)
                  200120c8    00000014     drivers_cc32xx.a : I2CCC32XX.oem4 (.text:I2CSupport_masterFinish)
                  200120dc    00000014                      : I2C.oem4 (.text:I2C_transfer)
                  200120f0    00000014     driverlib.a : interrupt.obj (.text:IntVTableBaseSet)
                  20012104    00000014     drivers_cc32xx.a : PowerCC32XX.oem4 (.text:Power_disablePolicy)
                  20012118    00000014                      : PowerCC32XX.oem4 (.text:Power_getDependencyCount)
                  2001212c    00000014                      : UARTCC32XX.oem4 (.text:releasePowerConstraint)
                  20012140    00000014     rtsv7M4_T_le_eabi.lib : strlen.c.obj (.text:strlen)
                  20012154    00000012     nortos_cc32xx.a : HwiPCC32XX_nortos.oem4 (.text:HwiP_Params_init)
                  20012166    00000012     driverlib.a : i2c.obj (.text:I2CMasterIntClearEx)
                  20012178    00000012     drivers_cc32xx.a : RingBuf.oem4 (.text:RingBuf_construct)
                  2001218a    00000012     driverlib.a : timer.obj (.text:TimerIntClear)
                  2001219c    00000012     main_nortos.obj (.text:main)
                  200121ae    00000012     rtsv7M4_T_le_eabi.lib : wcslen.c.obj (.text:wcslen)
                  200121c0    00000010     nortos_cc32xx.a : ClockPSysTick_nortos.oem4 (.text:ClockP_add)
                  200121d0    00000010                     : ClockPSysTick_nortos.oem4 (.text:ClockP_delete)
                  200121e0    00000010                     : ClockPSysTick_nortos.oem4 (.text:ClockP_getCpuFreq)
                  200121f0    00000010                     : ClockPSysTick_nortos.oem4 (.text:ClockP_getSystemTicks)
                  20012200    00000010                     : ClockPSysTick_nortos.oem4 (.text:ClockP_setTicks)
                  20012210    00000010                     : HwiPCC32XX_nortos.oem4 (.text:HwiP_delete)
                  20012220    00000010                     : HwiPCC32XX_nortos.oem4 (.text:HwiP_restore)
                  20012230    00000010     driverlib.a : i2c.obj (.text:I2CFIFOStatus)
                  20012240    00000010     drivers_cc32xx.a : I2C.oem4 (.text:I2C_Params_init)
                  20012250    00000010                      : PowerCC32XX.oem4 (.text:Power_enablePolicy)
                  20012260    00000010     nortos_cc32xx.a : SemaphoreP_nortos.oem4 (.text:SemaphoreP_Params_init)
                  20012270    00000010     drivers_cc32xx.a : Timer.oem4 (.text:Timer_Params_init)
                  20012280    00000010     gpiointerrupt.obj (.text:plusButtonCallback)
                  20012290    00000010     drivers_cc32xx.a : UARTCC32XX.oem4 (.text:readBlockingTimeout)
                  200122a0    0000000e     nortos_cc32xx.a : HwiPCC32XX_nortos.oem4 (.text:HwiP_clearInterrupt)
                  200122ae    0000000e                     : HwiPCC32XX_nortos.oem4 (.text:HwiP_disable)
                  200122bc    0000000e                     : HwiPCC32XX_nortos.oem4 (.text:HwiP_disableInterrupt)
                  200122ca    0000000e                     : HwiPCC32XX_nortos.oem4 (.text:HwiP_enable)
                  200122d8    0000000e                     : HwiPCC32XX_nortos.oem4 (.text:HwiP_enableInterrupt)
                  200122e6    0000000e     drivers_cc32xx.a : I2CCC32XX.oem4 (.text:I2CCC32XX_updateReg)
                  200122f4    0000000e                      : RingBuf.oem4 (.text:RingBuf_isFull)
                  20012302    0000000e     rtsv7M4_T_le_eabi.lib : copy_decompress_none.c.obj (.text:decompress:none:__TI_decompress_none)
                  20012310    0000000c     drivers_cc32xx.a : I2CCC32XX.oem4 (.text:I2CCC32XX_postNotify)
                  2001231c    0000000c                      : PowerCC32XX.oem4 (.text:Power_getConstraintMask)
                  20012328    0000000c     rtsv7M4_T_le_eabi.lib : s_copysign.c.obj (.text:copysign)
                  20012334    0000000c                           : copy_zero_init.c.obj (.text:decompress:ZI:__TI_zero_init)
                  20012340    0000000c     gpiointerrupt.obj (.text:minusButtonCallback)
                  2001234c    0000000c     drivers_cc32xx.a : TimerCC32XX.oem4 (.text:postNotifyFxn)
                  20012358    0000000c                      : UARTCC32XX.oem4 (.text:postNotifyFxn)
                  20012364    0000000c     gpiointerrupt.obj (.text:timerCallback)
                  20012370    0000000a     nortos_cc32xx.a : ClockPSysTick_nortos.oem4 (.text:ClockP_Params_init)
                  2001237a    0000000a                     : ClockPSysTick_nortos.oem4 (.text:ClockP_isActive)
                  20012384    0000000a     driverlib.a : interrupt.obj (.text:IntMasterDisable)
                  2001238e    0000000a     drivers_cc32xx.a : UART.oem4 (.text:UART_write)
                  20012398    00000008                      : I2CCC32XX.oem4 (.text:I2CCC32XX_blockingCallback)
                  200123a0    00000008     rtsv7M4_T_le_eabi.lib : errno.c.obj (.text:__aeabi_errno_addr)
                  200123a8    00000008                           : memory.c.obj (.text:malloc)
                  200123b0    00000008     drivers_cc32xx.a : UARTCC32XX.oem4 (.text:readSemCallback)
                  200123b8    00000008                      : UARTCC32XX.oem4 (.text:writeSemCallback)
                  200123c0    00000006                      : I2CCC32XX.oem4 (.text:I2CSupport_powerRelConstraint)
                  200123c6    00000006                      : I2CCC32XX.oem4 (.text:I2CSupport_powerSetConstraint)
                  200123cc    00000006     driverlib.a : utils.obj (.text:UtilsDelay)
                  200123d2    00000004     nortos_cc32xx.a : ClockPSysTick_nortos.oem4 (.text:ClockP_doTick)
                  200123d6    00000004                     : ClockPSysTick_nortos.oem4 (.text:ClockP_setTimeout)
                  200123da    00000004                     : HwiPCC32XX_nortos.oem4 (.text:HwiP_post)
                  200123de    00000004                     : SemaphoreP_nortos.oem4 (.text:SemaphoreP_delete)
                  200123e2    00000004     rtsv7M4_T_le_eabi.lib : pre_init.c.obj (.text:_system_pre_init)
                  200123e6    00000004                           : exit.c.obj (.text:abort:abort)

.const     0    20012acc    000004e0     
                  20012acc    00000101     rtsv7M4_T_le_eabi.lib : ctype.c.obj (.const:.string:_ctypes_)
                  20012bcd    00000003     --HOLE-- [fill = 0]
                  20012bd0    00000100     driverlib.a : pin.obj (.const:g_ulPinToPadMap)
                  20012cd0    000000a8                 : prcm.obj (.const:PRCM_PeriphRegsList)
                  20012d78    00000044     ti_drivers_config.obj (.const:PowerCC32XX_config)
                  20012dbc    00000028     drivers_cc32xx.a : UARTCC32XX.oem4 (.const:UARTCC32XX_fxnTable)
                  20012de4    00000028                      : GPIOCC32XX.oem4 (.const:portConfigs)
                  20012e0c    00000024                      : UART.oem4 (.const:UART_defaultParams)
                  20012e30    00000024     ti_drivers_config.obj (.const:uartCC32XXHWAttrs0)
                  20012e54    00000021     drivers_cc32xx.a : GPIOCC32XX.oem4 (.const:.string:pinTable)
                  20012e75    00000003     --HOLE-- [fill = 0]
                  20012e78    00000020                      : UARTCC32XX.oem4 (.const:staticFxnTable)
                  20012e98    00000018     driverlib.a : interrupt.obj (.const:g_pulEnRegs)
                  20012eb0    00000018                 : interrupt.obj (.const:g_pulPendRegs)
                  20012ec8    00000018     gpiointerrupt.obj (.const:sensors)
                  20012ee0    00000014     ti_drivers_config.obj (.const:i2cCC32XXHWAttrs)
                  20012ef4    00000014     drivers_cc32xx.a : UARTCC32XX.oem4 (.const:parityType)
                  20012f08    00000010     ti_drivers_config.obj (.const:GPIO_config)
                  20012f18    00000010     drivers_cc32xx.a : I2C.oem4 (.const:I2C_defaultParams)
                  20012f28    00000010                      : I2CCC32XX.oem4 (.const:I2C_defaultParams)
                  20012f38    00000010                      : UARTCC32XX.oem4 (.const:dataLength)
                  20012f48    00000010     ti_drivers_config.obj (.const:timerCC32XXHWAttrs)
                  20012f58    0000000c     gpiointerrupt.obj (.const:.string)
                  20012f64    0000000c     ti_drivers_config.obj (.const:UART_config)
                  20012f70    0000000c     drivers_cc32xx.a : Timer.oem4 (.const:defaultParams)
                  20012f7c    0000000c                      : TimerCC32XX.oem4 (.const:defaultParams)
                  20012f88    0000000b     ti_drivers_config.obj (.const)
                  20012f93    00000001     --HOLE-- [fill = 0]
                  20012f94    00000008     ti_drivers_config.obj (.const:I2C_config)
                  20012f9c    00000008     ti_drivers_config.obj (.const:Timer_config)
                  20012fa4    00000008     drivers_cc32xx.a : UARTCC32XX.oem4 (.const:stopBits)

.cinit     0    20013448    000000f8     
                  20013448    000000d3     (.cinit..data.load) [load image, compression = lzss]
                  2001351b    00000001     --HOLE-- [fill = 0]
                  2001351c    0000000c     (__TI_handler_table)
                  20013528    00000008     (.cinit..bss.load) [load image, compression = zero_init]
                  20013530    00000010     (__TI_cinit_table)

.init_array 
*          0    20004000    00000000     UNINITIALIZED

.ramVecs   0    20000000    0000030c     NOLOAD SECTION
                  20000000    0000030c     nortos_cc32xx.a : startup_cc32xx_ccs.oem4 (.ramVecs)

.stack     0    20003000    00001000     UNINITIALIZED
                  20003000    00000004     rtsv7M4_T_le_eabi.lib : boot_cortex_m.c.obj (.stack)
                  20003004    00000ffc     --HOLE--

.resetVecs 
*          0    20004000    00000040     
                  20004000    00000040     nortos_cc32xx.a : startup_cc32xx_ccs.oem4 (.resetVecs:retain)

.sysmem    0    20004040    00008000     UNINITIALIZED
                  20004040    00000010     rtsv7M4_T_le_eabi.lib : memory.c.obj (.sysmem)
                  20004050    00007ff0     --HOLE--

.data      0    200123ec    000006e0     UNINITIALIZED
                  200123ec    0000030c     nortos_cc32xx.a : HwiPCC32XX_nortos.oem4 (.data:HwiP_dispatchTable)
                  200126f8    0000016c     drivers_cc32xx.a : PowerCC32XX.oem4 (.data:PowerCC32XX_module)
                  20012864    000000f8     ti_drivers_config.obj (.data:parkInfo)
                  2001295c    000000bc     gpiointerrupt.obj (.data:$O1$$)
                  20012a18    00000084     ti_drivers_config.obj (.data:gpioPinConfigs)
                  20012a9c    00000008     rtsv7M4_T_le_eabi.lib : _lock.c.obj (.data:$O1$$)
                  20012aa4    00000008                           : memory.c.obj (.data:$O1$$)
                  20012aac    00000008     nortos_cc32xx.a : SemaphoreP_nortos.oem4 (.data:SemaphoreP_defaultParams)
                  20012ab4    00000008                     : HwiPCC32XX_nortos.oem4 (.data)
                  20012abc    00000005                     : ClockPSysTick_nortos.oem4 (.data)
                  20012ac1    00000003                     : SemaphoreP_nortos.oem4 (.data)
                  20012ac4    00000004     rtsv7M4_T_le_eabi.lib : errno.c.obj (.data)
                  20012ac8    00000002     drivers_cc32xx.a : GPIOCC32XX.oem4 (.data)
                  20012aca    00000001                      : UART.oem4 (.data)
                  20012acb    00000001     gpiointerrupt.obj (.data)

.bss       0    20012fb0    00000498     UNINITIALIZED
                  20012fb0    0000012c     (.common:PowerCC32XX_contextSave)
                  200130dc    000000fc     (.common:i2cCC32XXObjects)
                  200131d8    00000084     (.common:gpioCallbackFunctions)
                  2001325c    00000084     (.common:gpioUserArgs)
                  200132e0    00000084     (.common:timerCC32XXObjects)
                  20013364    00000084     (.common:uartCC32XXObjects0)
                  200133e8    00000020     ti_drivers_config.obj (.bss:uartCC32XXRingBuffer0)
                  20013408    00000014     drivers_cc32xx.a : GPIOCC32XX.oem4 (.bss:powerNotifyObj)
                  2001341c    00000004                      : GPIOCC32XX.oem4 (.bss)
                  20013420    00000010     (.common:ClockP_ctrl)
                  20013430    0000000d     nortos_cc32xx.a : SwiP_nortos.oem4 (.bss)
                  2001343d    00000003     --HOLE--
                  20013440    00000004                     : ClockPSysTick_nortos.oem4 (.bss)
                  20013444    00000004     drivers_cc32xx.a : TimerCC32XX.oem4 (.bss:timerState)

.log_data 
*          0    90000000    00000000     COPY SECTION

__llvm_prf_cnts 
*          0    20004000    00000000     UNINITIALIZED

MODULE SUMMARY

       Module                       code    ro data   rw data
       ------                       ----    -------   -------
    .\
       gpiointerrupt.obj            1388    36        189    
       main_nortos.obj              18      0         0      
    +--+----------------------------+-------+---------+---------+
       Total:                       1406    36        189    
                                                             
    .\syscfg\
       ti_drivers_config.obj        22      195       1192   
    +--+----------------------------+-------+---------+---------+
       Total:                       22      195       1192   
                                                             
    F:/ti/ccs1220/simplelink_cc32xx_sdk_6_10_00_05/kernel/nortos/lib/ccs/m4/nortos_cc32xx.a
       HwiPCC32XX_nortos.oem4       394     0         788    
       startup_cc32xx_ccs.oem4      90      64        780    
       ClockPSysTick_nortos.oem4    706     0         25     
       PowerCC32XX_nortos.oem4      476     0         0      
       SemaphoreP_nortos.oem4       410     0         11     
       SwiP_nortos.oem4             96      0         13     
    +--+----------------------------+-------+---------+---------+
       Total:                       2172    64        1617   
                                                             
    F:/ti/ccs1220/simplelink_cc32xx_sdk_6_10_00_05/source/ti/devices/cc32xx/driverlib/ccs/Release/driverlib.a
       prcm.obj                     1604    168       0      
       pin.obj                      280     256       0      
       interrupt.obj                334     48        0      
       i2c.obj                      318     0         0      
       timer.obj                    264     0         0      
       flash.obj                    72      0         0      
       uart.obj                     48      0         0      
       cpu.obj                      20      0         0      
       utils.obj                    6       0         0      
    +--+----------------------------+-------+---------+---------+
       Total:                       2946    472       0      
                                                             
    F:/ti/ccs1220/simplelink_cc32xx_sdk_6_10_00_05/source/ti/drivers/lib/ccs/m4/drivers_cc32xx.a
       UARTCC32XX.oem4              3466    116       0      
       PowerCC32XX.oem4             2432    0         664    
       I2CCC32XX.oem4               1452    16        0      
       GPIOCC32XX.oem4              1068    73        26     
       TimerCC32XX.oem4             876     12        4      
       I2C.oem4                     366     16        0      
       UART.oem4                    166     36        1      
       RingBuf.oem4                 198     0         0      
       Timer.oem4                   140     12        0      
       PowerCC32XX_asm.oem4         150     0         0      
       List.oem4                    76      0         0      
       GPIO.oem4                    28      0         0      
    +--+----------------------------+-------+---------+---------+
       Total:                       10418   281       695    
                                                             
    F:\ti\ccs1220\ccs\tools\compiler\ti-cgt-arm_20.2.7.LTS\lib\rtsv7M4_T_le_eabi.lib
       _printfi.c.obj               4835    0         0      
       memory.c.obj                 672     0         8      
       fd_add_t2.asm.obj            438     0         0      
       fd_div_t2.asm.obj            310     0         0      
       fd_cmp_t2.asm.obj            268     0         0      
       ctype.c.obj                  0       257       0      
       fd_mul_t2.asm.obj            252     0         0      
       s_scalbn.c.obj               208     0         0      
       memcpy_t2.asm.obj            156     0         0      
       ull_div_t2.asm.obj           150     0         0      
       snprintf.c.obj               148     0         0      
       fs_mul_t2.asm.obj            122     0         0      
       memset_t2.asm.obj            122     0         0      
       copy_decompress_lzss.c.obj   104     0         0      
       s_frexp.c.obj                92      0         0      
       _ltoa.c.obj                  84      0         0      
       atoi.c.obj                   76      0         0      
       fd_toi_t2.asm.obj            72      0         0      
       autoinit.c.obj               68      0         0      
       fs_toi_t2.asm.obj            56      0         0      
       i_tofs_t2.asm.obj            56      0         0      
       i_tofd_t2.asm.obj            46      0         0      
       boot_cortex_m.c.obj          36      0         0      
       memccpy.c.obj                28      0         0      
       ll_mul_t2.asm.obj            24      0         0      
       strchr.c.obj                 22      0         0      
       strlen.c.obj                 20      0         0      
       wcslen.c.obj                 18      0         0      
       copy_decompress_none.c.obj   14      0         0      
       copy_zero_init.c.obj         12      0         0      
       errno.c.obj                  8       0         4      
       s_copysign.c.obj             12      0         0      
       _lock.c.obj                  2       0         8      
       exit.c.obj                   4       0         0      
       pre_init.c.obj               4       0         0      
       div0.asm.obj                 2       0         0      
    +--+----------------------------+-------+---------+---------+
       Total:                       8541    257       20     
                                                             
       Heap:                        0       0         32768  
       Stack:                       0       0         4096   
       Linker Generated:            0       247       0      
    +--+----------------------------+-------+---------+---------+
       Grand Total:                 25505   1552      40577  


LINKER GENERATED COPY TABLES

__TI_cinit_table @ 20013530 records: 2, size/record: 8, table size: 16
	.data: load addr=20013448, load size=000000d3 bytes, run addr=200123ec, run size=000006e0 bytes, compression=lzss
	.bss: load addr=20013528, load size=00000008 bytes, run addr=20012fb0, run size=00000498 bytes, compression=zero_init


LINKER GENERATED HANDLER TABLE

__TI_handler_table @ 2001351c records: 3, size/record: 4, table size: 12
	index: 0, handler: __TI_decompress_lzss
	index: 1, handler: __TI_decompress_none
	index: 2, handler: __TI_zero_init


GLOBAL SYMBOLS: SORTED ALPHABETICALLY BY Name 

address   name                             
-------   ----                             
2001208b  Board_init                       
2000ca8f  Board_initHook                   
200123e7  C$$EXIT                          
20012f8a  CONFIG_GPIO_BUTTON_0_CONST       
20012f8b  CONFIG_GPIO_BUTTON_1_CONST       
20012f8c  CONFIG_GPIO_LED_0_CONST          
20012f8d  CONFIG_I2C_0_CONST               
20012f8f  CONFIG_TIMER_0_CONST             
20012f91  CONFIG_UART_0_CONST              
2001209f  CPUcpsid                         
20012371  ClockP_Params_init               
200121c1  ClockP_add                       
200112b9  ClockP_construct                 
20011e7d  ClockP_create                    
20013420  ClockP_ctrl                      
200121d1  ClockP_delete                    
200114b9  ClockP_destruct                  
200123d3  ClockP_doTick                    
200121e1  ClockP_getCpuFreq                
200121f1  ClockP_getSystemTicks            
2001179d  ClockP_getTicksUntilInterrupt    
2001237b  ClockP_isActive                  
20012201  ClockP_setTicks                  
200123d7  ClockP_setTimeout                
20011971  ClockP_start                     
200117d1  ClockP_startup                   
20011099  ClockP_stop                      
20010b0d  ClockP_sysTickHandler            
20012abc  ClockP_tickPeriod                
20010e15  FlashDisable                     
20012f08  GPIO_config                      
20010e5d  GPIO_disableInt                  
20010ea5  GPIO_enableInt                   
200106f1  GPIO_hwiIntFxn                   
2000fa2d  GPIO_init                        
20012f88  GPIO_pinLowerBound               
20012f89  GPIO_pinUpperBound               
20011df1  GPIO_setCallback                 
2000daa1  GPIO_setConfig                   
20010561  GPIO_setInterruptConfig          
2000fefd  GPIO_write                       
20012155  HwiP_Params_init                 
200122a1  HwiP_clearInterrupt              
2000fb4d  HwiP_construct                   
20011a8d  HwiP_create                      
20012211  HwiP_delete                      
20011cf7  HwiP_destruct                    
200122af  HwiP_disable                     
200122bd  HwiP_disableInterrupt            
20011c45  HwiP_dispatch                    
200122cb  HwiP_enable                      
200122d9  HwiP_enableInterrupt             
200120b5  HwiP_inISR                       
20012ab4  HwiP_key                         
200123db  HwiP_post                        
20012221  HwiP_restore                     
20012ab8  HwiP_swiPIntNum                  
20011bad  I2CFIFODataGetNonBlocking        
20011b0b  I2CFIFODataPutNonBlocking        
20012231  I2CFIFOStatus                    
2001201d  I2CMasterBurstLengthSet          
20011ecb  I2CMasterBusBusy                 
20012167  I2CMasterIntClearEx              
20011ee3  I2CMasterIntDisableEx            
20011efb  I2CMasterIntEnableEx             
20011d79  I2CMasterIntStatusEx             
20011cd5  I2CMasterSlaveAddrSet            
20011f13  I2CRxFIFOFlush                   
200120c9  I2CSupport_masterFinish          
200123c1  I2CSupport_powerRelConstraint    
200123c7  I2CSupport_powerSetConstraint    
20010427  I2CSupport_primeTransfer         
20011f2b  I2CTxFIFOFlush                   
20012241  I2C_Params_init                  
20011bd3  I2C_cancel                       
20012f94  I2C_config                       
20012f8e  I2C_count                        
20012f18  I2C_defaultParams                
2000d8ff  I2C_init                         
2000e7c9  I2C_open                         
200120dd  I2C_transfer                     
2000e367  I2C_transferTimeout              
UNDEFED   ITM_flush                        
UNDEFED   ITM_restore                      
2000f529  IntEnable                        
20012385  IntMasterDisable                 
2000fbd9  IntPendSet                       
200120f1  IntVTableBaseSet                 
20011bf9  List_put                         
20011c1f  List_remove                      
200122cb  NoRTOS_start                     
2000ca91  PRCMCC3200MCUInit                
20012033  PRCMHIBRegRead                   
20012049  PRCMHIBRegWrite                  
20010eed  PRCMLPDSEnter                    
200115a9  PRCMLPDSEnterKeepDebugIf         
200110dd  PRCMLPDSRestoreInfoSet           
20011b35  PRCMPeripheralClkDisable         
20010f35  PRCMPeripheralClkEnable          
20010869  PRCMPeripheralReset              
20010751  PRCMSysResetCauseGet             
2000fc61  PinConfigSet                     
20011805  PinModeGet                       
200112f9  PinModeSet                       
20011e0d  PinToPadGet                      
20012d78  PowerCC32XX_config               
2000f5d1  PowerCC32XX_configureWakeup      
20012fb0  PowerCC32XX_contextSave          
20011121  PowerCC32XX_enterLPDS            
20011a61  PowerCC32XX_getParkState         
2000eab3  PowerCC32XX_initPolicy           
200126f8  PowerCC32XX_module               
20010c99  PowerCC32XX_parkPin              
20011c69  PowerCC32XX_reset                
20011839  PowerCC32XX_restoreParkState     
200119a1  PowerCC32XX_restoreParkedPin     
20010a17  PowerCC32XX_resumeLPDS           
200105c5  PowerCC32XX_setParkState         
2000d901  PowerCC32XX_sleepPolicy          
20012105  Power_disablePolicy              
20012251  Power_enablePolicy               
2001231d  Power_getConstraintMask          
20012119  Power_getDependencyCount         
20011f45  Power_getTransitionLatency       
20011f5d  Power_idleFunc                   
2000fdf5  Power_init                       
20011b5d  Power_registerNotify             
20010f7d  Power_releaseConstraint          
200108c1  Power_releaseDependency          
200114f5  Power_setConstraint              
2000ff7d  Power_setDependency              
2000dfc1  Power_sleep                      
20011d19  Power_unregisterNotify           
20012179  RingBuf_construct                
20011339  RingBuf_get                      
200122f5  RingBuf_isFull                   
20011d39  RingBuf_peek                     
2001100d  RingBuf_put                      
20012261  SemaphoreP_Params_init           
20010b5d  SemaphoreP_construct             
20011d97  SemaphoreP_constructBinary       
2001205f  SemaphoreP_create                
20011e97  SemaphoreP_createBinary          
20012aac  SemaphoreP_defaultParams         
200123df  SemaphoreP_delete                
2000ee1b  SemaphoreP_destruct              
2000f7bd  SemaphoreP_pend                  
20011165  SemaphoreP_post                  
20011e29  SwiP_disable                     
200111a9  SwiP_restore                     
20010bad  TickFunc_ButtonCheck             
20010629  TickFunc_Report                  
2001186d  TickFunc_TempCheck               
200119d1  TickFunc_UpdateLED               
20010bfd  TimerCC32XX_allocateTimerResource
200118a1  TimerCC32XX_freeTimerResource    
200116f9  TimerControlStall                
20011db5  TimerDisable                     
20011dd3  TimerEnable                      
20012acb  TimerFlag                        
20011909  TimerISR                         
2001218b  TimerIntClear                    
20011f75  TimerIntDisable                  
20011f8d  TimerIntEnable                   
20011ab7  TimerLoadSet                     
20011ae1  TimerPrescaleSet                 
20011c8d  TimerSupport_timerDisable        
20011379  TimerSupport_timerEnable         
20012271  Timer_Params_init                
200113b9  Timer_close                      
20012f9c  Timer_config                     
20012f90  Timer_count                      
2000ef97  Timer_init                       
2000e0f9  Timer_open                       
200111ed  Timer_start                      
2001172f  Timer_stop                       
20011fa5  UARTBusy                         
2000e489  UARTCC32XX_close                 
2000e9c1  UARTCC32XX_control               
20012dbc  UARTCC32XX_fxnTable              
2000fa2b  UARTCC32XX_init                  
2000cebd  UARTCC32XX_open                  
200113f9  UARTCC32XX_read                  
20011765  UARTCC32XX_readCancel            
2000eedd  UARTCC32XX_readPolling           
2000ed51  UARTCC32XX_write                 
200104f9  UARTCC32XX_writeCancel           
2001068d  UARTCC32XX_writePolling          
20011fbd  UARTIntEnable                    
20011fd5  UART_Params_init                 
20012f64  UART_config                      
20012f92  UART_count                       
20012e0c  UART_defaultParams               
20011231  UART_init                        
20011439  UART_open                        
2001238f  UART_write                       
200123cd  UtilsDelay                       
20004000  __STACK_END                      
00001000  __STACK_SIZE                     
00008000  __SYSMEM_SIZE                    
20013530  __TI_CINIT_Base                  
20013540  __TI_CINIT_Limit                 
2001351c  __TI_Handler_Table_Base          
20013528  __TI_Handler_Table_Limit         
20011275  __TI_auto_init_nobinit_nopinit   
20010491  __TI_decompress_lzss             
20012303  __TI_decompress_none             
2001096f  __TI_ltoa                        
ffffffff  __TI_pprof_out_hndl              
2000c041  __TI_printfi                     
ffffffff  __TI_prof_data_size              
ffffffff  __TI_prof_data_start             
20013448  __TI_static_base__               
20012335  __TI_zero_init                   
2000fce9  __aeabi_cdcmpeq                  
2000fce9  __aeabi_cdcmple                  
2000fd6f  __aeabi_cdrcmple                 
20010fc5  __aeabi_d2iz                     
2000d753  __aeabi_dadd                     
2000e231  __aeabi_ddiv                     
2000e8c5  __aeabi_dmul                     
2000d749  __aeabi_dsub                     
200123a1  __aeabi_errno_addr               
20011689  __aeabi_f2iz                     
200100f3  __aeabi_fmul                     
20011a31  __aeabi_i2d                      
200116c1  __aeabi_i2f                      
20011a5f  __aeabi_idiv0                    
20011a5f  __aeabi_ldiv0                    
20012005  __aeabi_lmul                     
2001016d  __aeabi_memclr                   
2001016d  __aeabi_memclr4                  
2001016d  __aeabi_memclr8                  
2000f8f9  __aeabi_memcpy                   
2000f8f9  __aeabi_memcpy4                  
2000f8f9  __aeabi_memcpy8                  
2001016f  __aeabi_memset                   
2001016f  __aeabi_memset4                  
2001016f  __aeabi_memset8                  
2000f995  __aeabi_uldivmod                 
ffffffff  __binit__                        
ffffffff  __c_args__                       
UNDEFED   __mpu_init                       
20003000  __stack                          
20004000  __start___llvm_prf_cnts          
20004000  __stop___llvm_prf_cnts           
20011cb1  _c_int00_noargs                  
20012acc  _ctypes_                         
20012a9c  _lock                            
200102d3  _nop                             
20004040  _sys_memory                      
UNDEFED   _system_post_cinit               
200123e3  _system_pre_init                 
20012aa0  _unlock                          
200123e7  abort                            
2000e6c9  aligned_alloc                    
20010ce5  atoi                             
ffffffff  binit                            
20012968  bytesToSend                      
200106ef  clkFxn                           
20012329  copysign                         
20012329  copysignl                        
20012ac4  errno                            
2000eb9d  free                             
200107b1  frexp                            
200107b1  frexpl                           
20012960  g_env_temp                       
2001295e  g_heat                           
2001295c  g_minus_press                    
2001295d  g_plus_press                     
20012962  g_set_temp                       
20012964  g_uptime                         
200131d8  gpioCallbackFunctions            
20012a18  gpioPinConfigs                   
2001325c  gpioUserArgs                     
20012970  i2c                              
20012ee0  i2cCC32XXHWAttrs                 
200130dc  i2cCC32XXObjects                 
20012978  i2cTransaction                   
2000d3ad  initI2C                          
20010d31  initTimer                        
20011531  initUART                         
20011619  initVectors                      
2000ec81  ldexp                            
2000ec81  ldexpl                           
2001219d  main                             
2000f051  mainThread                       
200123a9  malloc                           
2000e6c9  memalign                         
20011e61  memccpy                          
2000f8f9  memcpy                           
20010175  memset                           
20012341  minusButtonCallback              
200129d8  output                           
20012864  parkInfo                         
20012281  plusButtonCallback               
2000eab5  readTemp                         
20011eb1  resetISR                         
20011ec4  resetVectorAddr                  
20004000  resetVectors                     
20012966  rxBuffer                         
2000ec81  scalbn                           
2000ec81  scalbnl                          
20010dc9  snprintf                         
20012075  strchr                           
20012141  strlen                           
20012998  tasks                            
20012974  timer0                           
20012f48  timerCC32XXHWAttrs               
200132e0  timerCC32XXObjects               
20012365  timerCallback                    
2001295f  txBuffer                         
2001296c  uart                             
20013364  uartCC32XXObjects0               
200121af  wcslen                           


GLOBAL SYMBOLS: SORTED BY Symbol Address 

address   name                             
-------   ----                             
00001000  __STACK_SIZE                     
00008000  __SYSMEM_SIZE                    
20003000  __stack                          
20004000  __STACK_END                      
20004000  __start___llvm_prf_cnts          
20004000  __stop___llvm_prf_cnts           
20004000  resetVectors                     
20004040  _sys_memory                      
2000c041  __TI_printfi                     
2000ca8f  Board_initHook                   
2000ca91  PRCMCC3200MCUInit                
2000cebd  UARTCC32XX_open                  
2000d3ad  initI2C                          
2000d749  __aeabi_dsub                     
2000d753  __aeabi_dadd                     
2000d8ff  I2C_init                         
2000d901  PowerCC32XX_sleepPolicy          
2000daa1  GPIO_setConfig                   
2000dfc1  Power_sleep                      
2000e0f9  Timer_open                       
2000e231  __aeabi_ddiv                     
2000e367  I2C_transferTimeout              
2000e489  UARTCC32XX_close                 
2000e6c9  aligned_alloc                    
2000e6c9  memalign                         
2000e7c9  I2C_open                         
2000e8c5  __aeabi_dmul                     
2000e9c1  UARTCC32XX_control               
2000eab3  PowerCC32XX_initPolicy           
2000eab5  readTemp                         
2000eb9d  free                             
2000ec81  ldexp                            
2000ec81  ldexpl                           
2000ec81  scalbn                           
2000ec81  scalbnl                          
2000ed51  UARTCC32XX_write                 
2000ee1b  SemaphoreP_destruct              
2000eedd  UARTCC32XX_readPolling           
2000ef97  Timer_init                       
2000f051  mainThread                       
2000f529  IntEnable                        
2000f5d1  PowerCC32XX_configureWakeup      
2000f7bd  SemaphoreP_pend                  
2000f8f9  __aeabi_memcpy                   
2000f8f9  __aeabi_memcpy4                  
2000f8f9  __aeabi_memcpy8                  
2000f8f9  memcpy                           
2000f995  __aeabi_uldivmod                 
2000fa2b  UARTCC32XX_init                  
2000fa2d  GPIO_init                        
2000fb4d  HwiP_construct                   
2000fbd9  IntPendSet                       
2000fc61  PinConfigSet                     
2000fce9  __aeabi_cdcmpeq                  
2000fce9  __aeabi_cdcmple                  
2000fd6f  __aeabi_cdrcmple                 
2000fdf5  Power_init                       
2000fefd  GPIO_write                       
2000ff7d  Power_setDependency              
200100f3  __aeabi_fmul                     
2001016d  __aeabi_memclr                   
2001016d  __aeabi_memclr4                  
2001016d  __aeabi_memclr8                  
2001016f  __aeabi_memset                   
2001016f  __aeabi_memset4                  
2001016f  __aeabi_memset8                  
20010175  memset                           
200102d3  _nop                             
20010427  I2CSupport_primeTransfer         
20010491  __TI_decompress_lzss             
200104f9  UARTCC32XX_writeCancel           
20010561  GPIO_setInterruptConfig          
200105c5  PowerCC32XX_setParkState         
20010629  TickFunc_Report                  
2001068d  UARTCC32XX_writePolling          
200106ef  clkFxn                           
200106f1  GPIO_hwiIntFxn                   
20010751  PRCMSysResetCauseGet             
200107b1  frexp                            
200107b1  frexpl                           
20010869  PRCMPeripheralReset              
200108c1  Power_releaseDependency          
2001096f  __TI_ltoa                        
20010a17  PowerCC32XX_resumeLPDS           
20010b0d  ClockP_sysTickHandler            
20010b5d  SemaphoreP_construct             
20010bad  TickFunc_ButtonCheck             
20010bfd  TimerCC32XX_allocateTimerResource
20010c99  PowerCC32XX_parkPin              
20010ce5  atoi                             
20010d31  initTimer                        
20010dc9  snprintf                         
20010e15  FlashDisable                     
20010e5d  GPIO_disableInt                  
20010ea5  GPIO_enableInt                   
20010eed  PRCMLPDSEnter                    
20010f35  PRCMPeripheralClkEnable          
20010f7d  Power_releaseConstraint          
20010fc5  __aeabi_d2iz                     
2001100d  RingBuf_put                      
20011099  ClockP_stop                      
200110dd  PRCMLPDSRestoreInfoSet           
20011121  PowerCC32XX_enterLPDS            
20011165  SemaphoreP_post                  
200111a9  SwiP_restore                     
200111ed  Timer_start                      
20011231  UART_init                        
20011275  __TI_auto_init_nobinit_nopinit   
200112b9  ClockP_construct                 
200112f9  PinModeSet                       
20011339  RingBuf_get                      
20011379  TimerSupport_timerEnable         
200113b9  Timer_close                      
200113f9  UARTCC32XX_read                  
20011439  UART_open                        
200114b9  ClockP_destruct                  
200114f5  Power_setConstraint              
20011531  initUART                         
200115a9  PRCMLPDSEnterKeepDebugIf         
20011619  initVectors                      
20011689  __aeabi_f2iz                     
200116c1  __aeabi_i2f                      
200116f9  TimerControlStall                
2001172f  Timer_stop                       
20011765  UARTCC32XX_readCancel            
2001179d  ClockP_getTicksUntilInterrupt    
200117d1  ClockP_startup                   
20011805  PinModeGet                       
20011839  PowerCC32XX_restoreParkState     
2001186d  TickFunc_TempCheck               
200118a1  TimerCC32XX_freeTimerResource    
20011909  TimerISR                         
20011971  ClockP_start                     
200119a1  PowerCC32XX_restoreParkedPin     
200119d1  TickFunc_UpdateLED               
20011a31  __aeabi_i2d                      
20011a5f  __aeabi_idiv0                    
20011a5f  __aeabi_ldiv0                    
20011a61  PowerCC32XX_getParkState         
20011a8d  HwiP_create                      
20011ab7  TimerLoadSet                     
20011ae1  TimerPrescaleSet                 
20011b0b  I2CFIFODataPutNonBlocking        
20011b35  PRCMPeripheralClkDisable         
20011b5d  Power_registerNotify             
20011bad  I2CFIFODataGetNonBlocking        
20011bd3  I2C_cancel                       
20011bf9  List_put                         
20011c1f  List_remove                      
20011c45  HwiP_dispatch                    
20011c69  PowerCC32XX_reset                
20011c8d  TimerSupport_timerDisable        
20011cb1  _c_int00_noargs                  
20011cd5  I2CMasterSlaveAddrSet            
20011cf7  HwiP_destruct                    
20011d19  Power_unregisterNotify           
20011d39  RingBuf_peek                     
20011d79  I2CMasterIntStatusEx             
20011d97  SemaphoreP_constructBinary       
20011db5  TimerDisable                     
20011dd3  TimerEnable                      
20011df1  GPIO_setCallback                 
20011e0d  PinToPadGet                      
20011e29  SwiP_disable                     
20011e61  memccpy                          
20011e7d  ClockP_create                    
20011e97  SemaphoreP_createBinary          
20011eb1  resetISR                         
20011ec4  resetVectorAddr                  
20011ecb  I2CMasterBusBusy                 
20011ee3  I2CMasterIntDisableEx            
20011efb  I2CMasterIntEnableEx             
20011f13  I2CRxFIFOFlush                   
20011f2b  I2CTxFIFOFlush                   
20011f45  Power_getTransitionLatency       
20011f5d  Power_idleFunc                   
20011f75  TimerIntDisable                  
20011f8d  TimerIntEnable                   
20011fa5  UARTBusy                         
20011fbd  UARTIntEnable                    
20011fd5  UART_Params_init                 
20012005  __aeabi_lmul                     
2001201d  I2CMasterBurstLengthSet          
20012033  PRCMHIBRegRead                   
20012049  PRCMHIBRegWrite                  
2001205f  SemaphoreP_create                
20012075  strchr                           
2001208b  Board_init                       
2001209f  CPUcpsid                         
200120b5  HwiP_inISR                       
200120c9  I2CSupport_masterFinish          
200120dd  I2C_transfer                     
200120f1  IntVTableBaseSet                 
20012105  Power_disablePolicy              
20012119  Power_getDependencyCount         
20012141  strlen                           
20012155  HwiP_Params_init                 
20012167  I2CMasterIntClearEx              
20012179  RingBuf_construct                
2001218b  TimerIntClear                    
2001219d  main                             
200121af  wcslen                           
200121c1  ClockP_add                       
200121d1  ClockP_delete                    
200121e1  ClockP_getCpuFreq                
200121f1  ClockP_getSystemTicks            
20012201  ClockP_setTicks                  
20012211  HwiP_delete                      
20012221  HwiP_restore                     
20012231  I2CFIFOStatus                    
20012241  I2C_Params_init                  
20012251  Power_enablePolicy               
20012261  SemaphoreP_Params_init           
20012271  Timer_Params_init                
20012281  plusButtonCallback               
200122a1  HwiP_clearInterrupt              
200122af  HwiP_disable                     
200122bd  HwiP_disableInterrupt            
200122cb  HwiP_enable                      
200122cb  NoRTOS_start                     
200122d9  HwiP_enableInterrupt             
200122f5  RingBuf_isFull                   
20012303  __TI_decompress_none             
2001231d  Power_getConstraintMask          
20012329  copysign                         
20012329  copysignl                        
20012335  __TI_zero_init                   
20012341  minusButtonCallback              
20012365  timerCallback                    
20012371  ClockP_Params_init               
2001237b  ClockP_isActive                  
20012385  IntMasterDisable                 
2001238f  UART_write                       
200123a1  __aeabi_errno_addr               
200123a9  malloc                           
200123c1  I2CSupport_powerRelConstraint    
200123c7  I2CSupport_powerSetConstraint    
200123cd  UtilsDelay                       
200123d3  ClockP_doTick                    
200123d7  ClockP_setTimeout                
200123db  HwiP_post                        
200123df  SemaphoreP_delete                
200123e3  _system_pre_init                 
200123e7  C$$EXIT                          
200123e7  abort                            
200126f8  PowerCC32XX_module               
20012864  parkInfo                         
2001295c  g_minus_press                    
2001295d  g_plus_press                     
2001295e  g_heat                           
2001295f  txBuffer                         
20012960  g_env_temp                       
20012962  g_set_temp                       
20012964  g_uptime                         
20012966  rxBuffer                         
20012968  bytesToSend                      
2001296c  uart                             
20012970  i2c                              
20012974  timer0                           
20012978  i2cTransaction                   
20012998  tasks                            
200129d8  output                           
20012a18  gpioPinConfigs                   
20012a9c  _lock                            
20012aa0  _unlock                          
20012aac  SemaphoreP_defaultParams         
20012ab4  HwiP_key                         
20012ab8  HwiP_swiPIntNum                  
20012abc  ClockP_tickPeriod                
20012ac4  errno                            
20012acb  TimerFlag                        
20012acc  _ctypes_                         
20012d78  PowerCC32XX_config               
20012dbc  UARTCC32XX_fxnTable              
20012e0c  UART_defaultParams               
20012ee0  i2cCC32XXHWAttrs                 
20012f08  GPIO_config                      
20012f18  I2C_defaultParams                
20012f48  timerCC32XXHWAttrs               
20012f64  UART_config                      
20012f88  GPIO_pinLowerBound               
20012f89  GPIO_pinUpperBound               
20012f8a  CONFIG_GPIO_BUTTON_0_CONST       
20012f8b  CONFIG_GPIO_BUTTON_1_CONST       
20012f8c  CONFIG_GPIO_LED_0_CONST          
20012f8d  CONFIG_I2C_0_CONST               
20012f8e  I2C_count                        
20012f8f  CONFIG_TIMER_0_CONST             
20012f90  Timer_count                      
20012f91  CONFIG_UART_0_CONST              
20012f92  UART_count                       
20012f94  I2C_config                       
20012f9c  Timer_config                     
20012fb0  PowerCC32XX_contextSave          
200130dc  i2cCC32XXObjects                 
200131d8  gpioCallbackFunctions            
2001325c  gpioUserArgs                     
200132e0  timerCC32XXObjects               
20013364  uartCC32XXObjects0               
20013420  ClockP_ctrl                      
20013448  __TI_static_base__               
2001351c  __TI_Handler_Table_Base          
20013528  __TI_Handler_Table_Limit         
20013530  __TI_CINIT_Base                  
20013540  __TI_CINIT_Limit                 
ffffffff  __TI_pprof_out_hndl              
ffffffff  __TI_prof_data_size              
ffffffff  __TI_prof_data_start             
ffffffff  __binit__                        
ffffffff  __c_args__                       
ffffffff  binit                            
UNDEFED   ITM_flush                        
UNDEFED   ITM_restore                      
UNDEFED   __mpu_init                       
UNDEFED   _system_post_cinit               

[315 symbols]
