<?xml version="1.0" encoding="ISO-8859-1" ?>
<link_info>
   <banner>TI ARM Linker PC v20.2.7.LTS</banner>
   <copyright>Copyright (c) 1996-2018 Texas Instruments Incorporated</copyright>
   <link_time>0x64dd16c2</link_time>
   <link_errors>0x0</link_errors>
   <output_file>gpiointerrupt_CC3220S_LAUNCHXL_nortos_ccs.out</output_file>
   <entry_point>
      <name>resetISR</name>
      <address>0x20011ead</address>
   </entry_point>
   <input_file_list>
      <input_file id="fl-2">
         <path>.\</path>
         <kind>object</kind>
         <file>gpiointerrupt.obj</file>
         <name>gpiointerrupt.obj</name>
      </input_file>
      <input_file id="fl-3">
         <path>.\syscfg\</path>
         <kind>object</kind>
         <file>ti_drivers_config.obj</file>
         <name>ti_drivers_config.obj</name>
      </input_file>
      <input_file id="fl-4">
         <path>.\</path>
         <kind>object</kind>
         <file>main_nortos.obj</file>
         <name>main_nortos.obj</name>
      </input_file>
      <input_file id="fl-d">
         <kind>object</kind>
         <file>&lt;internal&gt;</file>
         <name>&lt;internal&gt;</name>
      </input_file>
      <input_file id="fl-e">
         <path>F:\ti\ccs1220\simplelink_cc32xx_sdk_6_10_00_05\source\ti\drivers\lib\ccs\m4\</path>
         <kind>archive</kind>
         <file>drivers_cc32xx.a</file>
         <name>GPIO.oem4</name>
      </input_file>
      <input_file id="fl-f">
         <path>F:\ti\ccs1220\simplelink_cc32xx_sdk_6_10_00_05\source\ti\drivers\lib\ccs\m4\</path>
         <kind>archive</kind>
         <file>drivers_cc32xx.a</file>
         <name>I2C.oem4</name>
      </input_file>
      <input_file id="fl-10">
         <path>F:\ti\ccs1220\simplelink_cc32xx_sdk_6_10_00_05\source\ti\drivers\lib\ccs\m4\</path>
         <kind>archive</kind>
         <file>drivers_cc32xx.a</file>
         <name>Timer.oem4</name>
      </input_file>
      <input_file id="fl-11">
         <path>F:\ti\ccs1220\simplelink_cc32xx_sdk_6_10_00_05\source\ti\drivers\lib\ccs\m4\</path>
         <kind>archive</kind>
         <file>drivers_cc32xx.a</file>
         <name>UART.oem4</name>
      </input_file>
      <input_file id="fl-12">
         <path>F:\ti\ccs1220\simplelink_cc32xx_sdk_6_10_00_05\source\ti\drivers\lib\ccs\m4\</path>
         <kind>archive</kind>
         <file>drivers_cc32xx.a</file>
         <name>GPIOCC32XX.oem4</name>
      </input_file>
      <input_file id="fl-13">
         <path>F:\ti\ccs1220\simplelink_cc32xx_sdk_6_10_00_05\source\ti\drivers\lib\ccs\m4\</path>
         <kind>archive</kind>
         <file>drivers_cc32xx.a</file>
         <name>I2CCC32XX.oem4</name>
      </input_file>
      <input_file id="fl-14">
         <path>F:\ti\ccs1220\simplelink_cc32xx_sdk_6_10_00_05\source\ti\drivers\lib\ccs\m4\</path>
         <kind>archive</kind>
         <file>drivers_cc32xx.a</file>
         <name>PowerCC32XX.oem4</name>
      </input_file>
      <input_file id="fl-15">
         <path>F:\ti\ccs1220\simplelink_cc32xx_sdk_6_10_00_05\source\ti\drivers\lib\ccs\m4\</path>
         <kind>archive</kind>
         <file>drivers_cc32xx.a</file>
         <name>PowerCC32XX_asm.oem4</name>
      </input_file>
      <input_file id="fl-16">
         <path>F:\ti\ccs1220\simplelink_cc32xx_sdk_6_10_00_05\source\ti\drivers\lib\ccs\m4\</path>
         <kind>archive</kind>
         <file>drivers_cc32xx.a</file>
         <name>TimerCC32XX.oem4</name>
      </input_file>
      <input_file id="fl-17">
         <path>F:\ti\ccs1220\simplelink_cc32xx_sdk_6_10_00_05\source\ti\drivers\lib\ccs\m4\</path>
         <kind>archive</kind>
         <file>drivers_cc32xx.a</file>
         <name>UARTCC32XX.oem4</name>
      </input_file>
      <input_file id="fl-18">
         <path>F:\ti\ccs1220\simplelink_cc32xx_sdk_6_10_00_05\source\ti\drivers\lib\ccs\m4\</path>
         <kind>archive</kind>
         <file>drivers_cc32xx.a</file>
         <name>List.oem4</name>
      </input_file>
      <input_file id="fl-19">
         <path>F:\ti\ccs1220\simplelink_cc32xx_sdk_6_10_00_05\source\ti\drivers\lib\ccs\m4\</path>
         <kind>archive</kind>
         <file>drivers_cc32xx.a</file>
         <name>RingBuf.oem4</name>
      </input_file>
      <input_file id="fl-1a">
         <path>F:\ti\ccs1220\simplelink_cc32xx_sdk_6_10_00_05\kernel\nortos\lib\ccs\m4\</path>
         <kind>archive</kind>
         <file>nortos_cc32xx.a</file>
         <name>NoRTOS.oem4</name>
      </input_file>
      <input_file id="fl-1b">
         <path>F:\ti\ccs1220\simplelink_cc32xx_sdk_6_10_00_05\kernel\nortos\lib\ccs\m4\</path>
         <kind>archive</kind>
         <file>nortos_cc32xx.a</file>
         <name>SemaphoreP_nortos.oem4</name>
      </input_file>
      <input_file id="fl-1c">
         <path>F:\ti\ccs1220\simplelink_cc32xx_sdk_6_10_00_05\kernel\nortos\lib\ccs\m4\</path>
         <kind>archive</kind>
         <file>nortos_cc32xx.a</file>
         <name>ClockPSysTick_nortos.oem4</name>
      </input_file>
      <input_file id="fl-1d">
         <path>F:\ti\ccs1220\simplelink_cc32xx_sdk_6_10_00_05\kernel\nortos\lib\ccs\m4\</path>
         <kind>archive</kind>
         <file>nortos_cc32xx.a</file>
         <name>HwiPCC32XX_nortos.oem4</name>
      </input_file>
      <input_file id="fl-1e">
         <path>F:\ti\ccs1220\simplelink_cc32xx_sdk_6_10_00_05\kernel\nortos\lib\ccs\m4\</path>
         <kind>archive</kind>
         <file>nortos_cc32xx.a</file>
         <name>PowerCC32XX_nortos.oem4</name>
      </input_file>
      <input_file id="fl-1f">
         <path>F:\ti\ccs1220\simplelink_cc32xx_sdk_6_10_00_05\kernel\nortos\lib\ccs\m4\</path>
         <kind>archive</kind>
         <file>nortos_cc32xx.a</file>
         <name>startup_cc32xx_ccs.oem4</name>
      </input_file>
      <input_file id="fl-20">
         <path>F:\ti\ccs1220\simplelink_cc32xx_sdk_6_10_00_05\kernel\nortos\lib\ccs\m4\</path>
         <kind>archive</kind>
         <file>nortos_cc32xx.a</file>
         <name>SwiP_nortos.oem4</name>
      </input_file>
      <input_file id="fl-21">
         <path>F:\ti\ccs1220\simplelink_cc32xx_sdk_6_10_00_05\kernel\nortos\lib\ccs\m4\</path>
         <kind>archive</kind>
         <file>nortos_cc32xx.a</file>
         <name>QueueP_nortos.oem4</name>
      </input_file>
      <input_file id="fl-22">
         <path>F:\ti\ccs1220\simplelink_cc32xx_sdk_6_10_00_05\source\ti\devices\cc32xx\driverlib\ccs\Release\</path>
         <kind>archive</kind>
         <file>driverlib.a</file>
         <name>cpu.obj</name>
      </input_file>
      <input_file id="fl-23">
         <path>F:\ti\ccs1220\simplelink_cc32xx_sdk_6_10_00_05\source\ti\devices\cc32xx\driverlib\ccs\Release\</path>
         <kind>archive</kind>
         <file>driverlib.a</file>
         <name>i2c.obj</name>
      </input_file>
      <input_file id="fl-24">
         <path>F:\ti\ccs1220\simplelink_cc32xx_sdk_6_10_00_05\source\ti\devices\cc32xx\driverlib\ccs\Release\</path>
         <kind>archive</kind>
         <file>driverlib.a</file>
         <name>interrupt.obj</name>
      </input_file>
      <input_file id="fl-25">
         <path>F:\ti\ccs1220\simplelink_cc32xx_sdk_6_10_00_05\source\ti\devices\cc32xx\driverlib\ccs\Release\</path>
         <kind>archive</kind>
         <file>driverlib.a</file>
         <name>pin.obj</name>
      </input_file>
      <input_file id="fl-26">
         <path>F:\ti\ccs1220\simplelink_cc32xx_sdk_6_10_00_05\source\ti\devices\cc32xx\driverlib\ccs\Release\</path>
         <kind>archive</kind>
         <file>driverlib.a</file>
         <name>prcm.obj</name>
      </input_file>
      <input_file id="fl-27">
         <path>F:\ti\ccs1220\simplelink_cc32xx_sdk_6_10_00_05\source\ti\devices\cc32xx\driverlib\ccs\Release\</path>
         <kind>archive</kind>
         <file>driverlib.a</file>
         <name>timer.obj</name>
      </input_file>
      <input_file id="fl-28">
         <path>F:\ti\ccs1220\simplelink_cc32xx_sdk_6_10_00_05\source\ti\devices\cc32xx\driverlib\ccs\Release\</path>
         <kind>archive</kind>
         <file>driverlib.a</file>
         <name>uart.obj</name>
      </input_file>
      <input_file id="fl-29">
         <path>F:\ti\ccs1220\simplelink_cc32xx_sdk_6_10_00_05\source\ti\devices\cc32xx\driverlib\ccs\Release\</path>
         <kind>archive</kind>
         <file>driverlib.a</file>
         <name>utils.obj</name>
      </input_file>
      <input_file id="fl-2a">
         <path>F:\ti\ccs1220\simplelink_cc32xx_sdk_6_10_00_05\source\ti\devices\cc32xx\driverlib\ccs\Release\</path>
         <kind>archive</kind>
         <file>driverlib.a</file>
         <name>flash.obj</name>
      </input_file>
      <input_file id="fl-e0">
         <path>F:\ti\ccs1220\ccs\tools\compiler\ti-cgt-arm_20.2.7.LTS\lib\</path>
         <kind>archive</kind>
         <file>rtsv7M4_T_le_eabi.lib</file>
         <name>snprintf.c.obj</name>
      </input_file>
      <input_file id="fl-e1">
         <path>F:\ti\ccs1220\ccs\tools\compiler\ti-cgt-arm_20.2.7.LTS\lib\</path>
         <kind>archive</kind>
         <file>rtsv7M4_T_le_eabi.lib</file>
         <name>fs_mul_t2.asm.obj</name>
      </input_file>
      <input_file id="fl-e2">
         <path>F:\ti\ccs1220\ccs\tools\compiler\ti-cgt-arm_20.2.7.LTS\lib\</path>
         <kind>archive</kind>
         <file>rtsv7M4_T_le_eabi.lib</file>
         <name>fs_toi_t2.asm.obj</name>
      </input_file>
      <input_file id="fl-e3">
         <path>F:\ti\ccs1220\ccs\tools\compiler\ti-cgt-arm_20.2.7.LTS\lib\</path>
         <kind>archive</kind>
         <file>rtsv7M4_T_le_eabi.lib</file>
         <name>i_tofs_t2.asm.obj</name>
      </input_file>
      <input_file id="fl-e4">
         <path>F:\ti\ccs1220\ccs\tools\compiler\ti-cgt-arm_20.2.7.LTS\lib\</path>
         <kind>archive</kind>
         <file>rtsv7M4_T_le_eabi.lib</file>
         <name>ll_mul_t2.asm.obj</name>
      </input_file>
      <input_file id="fl-e5">
         <path>F:\ti\ccs1220\ccs\tools\compiler\ti-cgt-arm_20.2.7.LTS\lib\</path>
         <kind>archive</kind>
         <file>rtsv7M4_T_le_eabi.lib</file>
         <name>memcpy_t2.asm.obj</name>
      </input_file>
      <input_file id="fl-e6">
         <path>F:\ti\ccs1220\ccs\tools\compiler\ti-cgt-arm_20.2.7.LTS\lib\</path>
         <kind>archive</kind>
         <file>rtsv7M4_T_le_eabi.lib</file>
         <name>ull_div_t2.asm.obj</name>
      </input_file>
      <input_file id="fl-e7">
         <path>F:\ti\ccs1220\ccs\tools\compiler\ti-cgt-arm_20.2.7.LTS\lib\</path>
         <kind>archive</kind>
         <file>rtsv7M4_T_le_eabi.lib</file>
         <name>copy_zero_init.c.obj</name>
      </input_file>
      <input_file id="fl-e8">
         <path>F:\ti\ccs1220\ccs\tools\compiler\ti-cgt-arm_20.2.7.LTS\lib\</path>
         <kind>archive</kind>
         <file>rtsv7M4_T_le_eabi.lib</file>
         <name>copy_decompress_none.c.obj</name>
      </input_file>
      <input_file id="fl-e9">
         <path>F:\ti\ccs1220\ccs\tools\compiler\ti-cgt-arm_20.2.7.LTS\lib\</path>
         <kind>archive</kind>
         <file>rtsv7M4_T_le_eabi.lib</file>
         <name>copy_decompress_lzss.c.obj</name>
      </input_file>
      <input_file id="fl-ea">
         <path>F:\ti\ccs1220\ccs\tools\compiler\ti-cgt-arm_20.2.7.LTS\lib\</path>
         <kind>archive</kind>
         <file>rtsv7M4_T_le_eabi.lib</file>
         <name>memory.c.obj</name>
      </input_file>
      <input_file id="fl-eb">
         <path>F:\ti\ccs1220\ccs\tools\compiler\ti-cgt-arm_20.2.7.LTS\lib\</path>
         <kind>archive</kind>
         <file>rtsv7M4_T_le_eabi.lib</file>
         <name>boot_cortex_m.c.obj</name>
      </input_file>
      <input_file id="fl-ec">
         <path>F:\ti\ccs1220\ccs\tools\compiler\ti-cgt-arm_20.2.7.LTS\lib\</path>
         <kind>archive</kind>
         <file>rtsv7M4_T_le_eabi.lib</file>
         <name>_printfi.c.obj</name>
      </input_file>
      <input_file id="fl-ed">
         <path>F:\ti\ccs1220\ccs\tools\compiler\ti-cgt-arm_20.2.7.LTS\lib\</path>
         <kind>archive</kind>
         <file>rtsv7M4_T_le_eabi.lib</file>
         <name>div0.asm.obj</name>
      </input_file>
      <input_file id="fl-ee">
         <path>F:\ti\ccs1220\ccs\tools\compiler\ti-cgt-arm_20.2.7.LTS\lib\</path>
         <kind>archive</kind>
         <file>rtsv7M4_T_le_eabi.lib</file>
         <name>fd_add_t2.asm.obj</name>
      </input_file>
      <input_file id="fl-ef">
         <path>F:\ti\ccs1220\ccs\tools\compiler\ti-cgt-arm_20.2.7.LTS\lib\</path>
         <kind>archive</kind>
         <file>rtsv7M4_T_le_eabi.lib</file>
         <name>fd_cmp_t2.asm.obj</name>
      </input_file>
      <input_file id="fl-f0">
         <path>F:\ti\ccs1220\ccs\tools\compiler\ti-cgt-arm_20.2.7.LTS\lib\</path>
         <kind>archive</kind>
         <file>rtsv7M4_T_le_eabi.lib</file>
         <name>fd_div_t2.asm.obj</name>
      </input_file>
      <input_file id="fl-f1">
         <path>F:\ti\ccs1220\ccs\tools\compiler\ti-cgt-arm_20.2.7.LTS\lib\</path>
         <kind>archive</kind>
         <file>rtsv7M4_T_le_eabi.lib</file>
         <name>fd_mul_t2.asm.obj</name>
      </input_file>
      <input_file id="fl-f2">
         <path>F:\ti\ccs1220\ccs\tools\compiler\ti-cgt-arm_20.2.7.LTS\lib\</path>
         <kind>archive</kind>
         <file>rtsv7M4_T_le_eabi.lib</file>
         <name>fd_toi_t2.asm.obj</name>
      </input_file>
      <input_file id="fl-f3">
         <path>F:\ti\ccs1220\ccs\tools\compiler\ti-cgt-arm_20.2.7.LTS\lib\</path>
         <kind>archive</kind>
         <file>rtsv7M4_T_le_eabi.lib</file>
         <name>i_tofd_t2.asm.obj</name>
      </input_file>
      <input_file id="fl-f4">
         <path>F:\ti\ccs1220\ccs\tools\compiler\ti-cgt-arm_20.2.7.LTS\lib\</path>
         <kind>archive</kind>
         <file>rtsv7M4_T_le_eabi.lib</file>
         <name>memset_t2.asm.obj</name>
      </input_file>
      <input_file id="fl-f5">
         <path>F:\ti\ccs1220\ccs\tools\compiler\ti-cgt-arm_20.2.7.LTS\lib\</path>
         <kind>archive</kind>
         <file>rtsv7M4_T_le_eabi.lib</file>
         <name>autoinit.c.obj</name>
      </input_file>
      <input_file id="fl-f6">
         <path>F:\ti\ccs1220\ccs\tools\compiler\ti-cgt-arm_20.2.7.LTS\lib\</path>
         <kind>archive</kind>
         <file>rtsv7M4_T_le_eabi.lib</file>
         <name>pre_init.c.obj</name>
      </input_file>
      <input_file id="fl-f7">
         <path>F:\ti\ccs1220\ccs\tools\compiler\ti-cgt-arm_20.2.7.LTS\lib\</path>
         <kind>archive</kind>
         <file>rtsv7M4_T_le_eabi.lib</file>
         <name>cpy_tbl.c.obj</name>
      </input_file>
      <input_file id="fl-f8">
         <path>F:\ti\ccs1220\ccs\tools\compiler\ti-cgt-arm_20.2.7.LTS\lib\</path>
         <kind>archive</kind>
         <file>rtsv7M4_T_le_eabi.lib</file>
         <name>exit.c.obj</name>
      </input_file>
      <input_file id="fl-f9">
         <path>F:\ti\ccs1220\ccs\tools\compiler\ti-cgt-arm_20.2.7.LTS\lib\</path>
         <kind>archive</kind>
         <file>rtsv7M4_T_le_eabi.lib</file>
         <name>_lock.c.obj</name>
      </input_file>
      <input_file id="fl-fa">
         <path>F:\ti\ccs1220\ccs\tools\compiler\ti-cgt-arm_20.2.7.LTS\lib\</path>
         <kind>archive</kind>
         <file>rtsv7M4_T_le_eabi.lib</file>
         <name>_ltoa.c.obj</name>
      </input_file>
      <input_file id="fl-fb">
         <path>F:\ti\ccs1220\ccs\tools\compiler\ti-cgt-arm_20.2.7.LTS\lib\</path>
         <kind>archive</kind>
         <file>rtsv7M4_T_le_eabi.lib</file>
         <name>args_main.c.obj</name>
      </input_file>
      <input_file id="fl-fc">
         <path>F:\ti\ccs1220\ccs\tools\compiler\ti-cgt-arm_20.2.7.LTS\lib\</path>
         <kind>archive</kind>
         <file>rtsv7M4_T_le_eabi.lib</file>
         <name>atoi.c.obj</name>
      </input_file>
      <input_file id="fl-fd">
         <path>F:\ti\ccs1220\ccs\tools\compiler\ti-cgt-arm_20.2.7.LTS\lib\</path>
         <kind>archive</kind>
         <file>rtsv7M4_T_le_eabi.lib</file>
         <name>ctype.c.obj</name>
      </input_file>
      <input_file id="fl-fe">
         <path>F:\ti\ccs1220\ccs\tools\compiler\ti-cgt-arm_20.2.7.LTS\lib\</path>
         <kind>archive</kind>
         <file>rtsv7M4_T_le_eabi.lib</file>
         <name>memccpy.c.obj</name>
      </input_file>
      <input_file id="fl-ff">
         <path>F:\ti\ccs1220\ccs\tools\compiler\ti-cgt-arm_20.2.7.LTS\lib\</path>
         <kind>archive</kind>
         <file>rtsv7M4_T_le_eabi.lib</file>
         <name>strchr.c.obj</name>
      </input_file>
      <input_file id="fl-100">
         <path>F:\ti\ccs1220\ccs\tools\compiler\ti-cgt-arm_20.2.7.LTS\lib\</path>
         <kind>archive</kind>
         <file>rtsv7M4_T_le_eabi.lib</file>
         <name>strlen.c.obj</name>
      </input_file>
      <input_file id="fl-101">
         <path>F:\ti\ccs1220\ccs\tools\compiler\ti-cgt-arm_20.2.7.LTS\lib\</path>
         <kind>archive</kind>
         <file>rtsv7M4_T_le_eabi.lib</file>
         <name>errno.c.obj</name>
      </input_file>
      <input_file id="fl-102">
         <path>F:\ti\ccs1220\ccs\tools\compiler\ti-cgt-arm_20.2.7.LTS\lib\</path>
         <kind>archive</kind>
         <file>rtsv7M4_T_le_eabi.lib</file>
         <name>wcslen.c.obj</name>
      </input_file>
      <input_file id="fl-103">
         <path>F:\ti\ccs1220\ccs\tools\compiler\ti-cgt-arm_20.2.7.LTS\lib\</path>
         <kind>archive</kind>
         <file>rtsv7M4_T_le_eabi.lib</file>
         <name>s_frexp.c.obj</name>
      </input_file>
      <input_file id="fl-104">
         <path>F:\ti\ccs1220\ccs\tools\compiler\ti-cgt-arm_20.2.7.LTS\lib\</path>
         <kind>archive</kind>
         <file>rtsv7M4_T_le_eabi.lib</file>
         <name>s_scalbn.c.obj</name>
      </input_file>
      <input_file id="fl-105">
         <path>F:\ti\ccs1220\ccs\tools\compiler\ti-cgt-arm_20.2.7.LTS\lib\</path>
         <kind>archive</kind>
         <file>rtsv7M4_T_le_eabi.lib</file>
         <name>s_copysign.c.obj</name>
      </input_file>
   </input_file_list>
   <object_component_list>
      <object_component id="oc-47e">
         <name>.text:__TI_printfi</name>
         <load_address>0x2000c040</load_address>
         <run_address>0x2000c040</run_address>
         <size>0xa4e</size>
         <input_file_ref idref="fl-ec"/>
      </object_component>
      <object_component id="oc-1ee">
         <name>.text:Board_initHook</name>
         <load_address>0x2000ca8e</load_address>
         <run_address>0x2000ca8e</run_address>
         <size>0x2</size>
         <input_file_ref idref="fl-3"/>
      </object_component>
      <object_component id="oc-1dc">
         <name>.text:PRCMCC3200MCUInit</name>
         <load_address>0x2000ca90</load_address>
         <run_address>0x2000ca90</run_address>
         <size>0x42c</size>
         <input_file_ref idref="fl-26"/>
      </object_component>
      <object_component id="oc-7d5">
         <name>.text:UARTCC32XX_open</name>
         <load_address>0x2000cebc</load_address>
         <run_address>0x2000cebc</run_address>
         <size>0x288</size>
         <input_file_ref idref="fl-17"/>
      </object_component>
      <object_component id="oc-633">
         <name>.text:_pconv_a</name>
         <load_address>0x2000d144</load_address>
         <run_address>0x2000d144</run_address>
         <size>0x268</size>
         <input_file_ref idref="fl-ec"/>
      </object_component>
      <object_component id="oc-1fc">
         <name>.text:initI2C</name>
         <load_address>0x2000d3ac</load_address>
         <run_address>0x2000d3ac</run_address>
         <size>0x1d0</size>
         <input_file_ref idref="fl-2"/>
      </object_component>
      <object_component id="oc-621">
         <name>.text:_pconv_g</name>
         <load_address>0x2000d57c</load_address>
         <run_address>0x2000d57c</run_address>
         <size>0x1cc</size>
         <input_file_ref idref="fl-ec"/>
      </object_component>
      <object_component id="oc-82f">
         <name>.text</name>
         <load_address>0x2000d748</load_address>
         <run_address>0x2000d748</run_address>
         <size>0x1b6</size>
         <input_file_ref idref="fl-ee"/>
      </object_component>
      <object_component id="oc-343">
         <name>.text:I2C_init</name>
         <load_address>0x2000d8fe</load_address>
         <run_address>0x2000d8fe</run_address>
         <size>0x2</size>
         <input_file_ref idref="fl-f"/>
      </object_component>
      <object_component id="oc-3fe">
         <name>.text:PowerCC32XX_sleepPolicy</name>
         <load_address>0x2000d900</load_address>
         <run_address>0x2000d900</run_address>
         <size>0x1a0</size>
         <input_file_ref idref="fl-1e"/>
      </object_component>
      <object_component id="oc-208">
         <name>.text:GPIO_setConfig</name>
         <load_address>0x2000daa0</load_address>
         <run_address>0x2000daa0</run_address>
         <size>0x154</size>
         <input_file_ref idref="fl-12"/>
      </object_component>
      <object_component id="oc-4cb">
         <name>.text:I2CCC32XX_hwiFxn</name>
         <load_address>0x2000dbf4</load_address>
         <run_address>0x2000dbf4</run_address>
         <size>0x148</size>
         <input_file_ref idref="fl-13"/>
      </object_component>
      <object_component id="oc-775">
         <name>.text:parkPins</name>
         <load_address>0x2000dd3c</load_address>
         <run_address>0x2000dd3c</run_address>
         <size>0x148</size>
         <input_file_ref idref="fl-14"/>
      </object_component>
      <object_component id="oc-62d">
         <name>.text:_pconv_e</name>
         <load_address>0x2000de84</load_address>
         <run_address>0x2000de84</run_address>
         <size>0x13c</size>
         <input_file_ref idref="fl-ec"/>
      </object_component>
      <object_component id="oc-59d">
         <name>.text:Power_sleep</name>
         <load_address>0x2000dfc0</load_address>
         <run_address>0x2000dfc0</run_address>
         <size>0x138</size>
         <input_file_ref idref="fl-14"/>
      </object_component>
      <object_component id="oc-36b">
         <name>.text:Timer_open</name>
         <load_address>0x2000e0f8</load_address>
         <run_address>0x2000e0f8</run_address>
         <size>0x138</size>
         <input_file_ref idref="fl-16"/>
      </object_component>
      <object_component id="oc-815">
         <name>.text</name>
         <load_address>0x2000e230</load_address>
         <run_address>0x2000e230</run_address>
         <size>0x136</size>
         <input_file_ref idref="fl-f0"/>
      </object_component>
      <object_component id="oc-4d9">
         <name>.text:I2C_transferTimeout</name>
         <load_address>0x2000e366</load_address>
         <run_address>0x2000e366</run_address>
         <size>0x122</size>
         <input_file_ref idref="fl-f"/>
      </object_component>
      <object_component id="oc-7c3">
         <name>.text:UARTCC32XX_close</name>
         <load_address>0x2000e488</load_address>
         <run_address>0x2000e488</run_address>
         <size>0x120</size>
         <input_file_ref idref="fl-17"/>
      </object_component>
      <object_component id="oc-841">
         <name>.text:fcvt</name>
         <load_address>0x2000e5a8</load_address>
         <run_address>0x2000e5a8</run_address>
         <size>0x120</size>
         <input_file_ref idref="fl-ec"/>
      </object_component>
      <object_component id="oc-747">
         <name>.text:aligned_alloc</name>
         <load_address>0x2000e6c8</load_address>
         <run_address>0x2000e6c8</run_address>
         <size>0x100</size>
         <input_file_ref idref="fl-ea"/>
      </object_component>
      <object_component id="oc-34f">
         <name>.text:I2C_open</name>
         <load_address>0x2000e7c8</load_address>
         <run_address>0x2000e7c8</run_address>
         <size>0xfc</size>
         <input_file_ref idref="fl-13"/>
      </object_component>
      <object_component id="oc-810">
         <name>.text</name>
         <load_address>0x2000e8c4</load_address>
         <run_address>0x2000e8c4</run_address>
         <size>0xfc</size>
         <input_file_ref idref="fl-f1"/>
      </object_component>
      <object_component id="oc-7c9">
         <name>.text:UARTCC32XX_control</name>
         <load_address>0x2000e9c0</load_address>
         <run_address>0x2000e9c0</run_address>
         <size>0xf2</size>
         <input_file_ref idref="fl-17"/>
      </object_component>
      <object_component id="oc-3f8">
         <name>.text:PowerCC32XX_initPolicy</name>
         <load_address>0x2000eab2</load_address>
         <run_address>0x2000eab2</run_address>
         <size>0x2</size>
         <input_file_ref idref="fl-1e"/>
      </object_component>
      <object_component id="oc-3b0">
         <name>.text:readTemp</name>
         <load_address>0x2000eab4</load_address>
         <run_address>0x2000eab4</run_address>
         <size>0xec</size>
         <input_file_ref idref="fl-2"/>
      </object_component>
      <object_component id="oc-41a">
         <name>.text:free</name>
         <load_address>0x2000eba0</load_address>
         <run_address>0x2000eba0</run_address>
         <size>0xe4</size>
         <input_file_ref idref="fl-ea"/>
      </object_component>
      <object_component id="oc-855">
         <name>.text:scalbn</name>
         <load_address>0x2000ec84</load_address>
         <run_address>0x2000ec84</run_address>
         <size>0xd0</size>
         <input_file_ref idref="fl-104"/>
      </object_component>
      <object_component id="oc-7ed">
         <name>.text:UARTCC32XX_write</name>
         <load_address>0x2000ed54</load_address>
         <run_address>0x2000ed54</run_address>
         <size>0xca</size>
         <input_file_ref idref="fl-17"/>
      </object_component>
      <object_component id="oc-6fb">
         <name>.text:SemaphoreP_destruct</name>
         <load_address>0x2000ee1e</load_address>
         <run_address>0x2000ee1e</run_address>
         <size>0x2</size>
         <input_file_ref idref="fl-1b"/>
      </object_component>
      <object_component id="oc-792">
         <name>.text:restoreParkedPins</name>
         <load_address>0x2000ee20</load_address>
         <run_address>0x2000ee20</run_address>
         <size>0xc0</size>
         <input_file_ref idref="fl-14"/>
      </object_component>
      <object_component id="oc-7e1">
         <name>.text:UARTCC32XX_readPolling</name>
         <load_address>0x2000eee0</load_address>
         <run_address>0x2000eee0</run_address>
         <size>0xba</size>
         <input_file_ref idref="fl-17"/>
      </object_component>
      <object_component id="oc-35f">
         <name>.text:Timer_init</name>
         <load_address>0x2000ef9a</load_address>
         <run_address>0x2000ef9a</run_address>
         <size>0x2</size>
         <input_file_ref idref="fl-10"/>
      </object_component>
      <object_component id="oc-994">
         <name>.text:initHw</name>
         <load_address>0x2000ef9c</load_address>
         <run_address>0x2000ef9c</run_address>
         <size>0xb8</size>
         <input_file_ref idref="fl-17"/>
      </object_component>
      <object_component id="oc-166">
         <name>.text:mainThread</name>
         <load_address>0x2000f054</load_address>
         <run_address>0x2000f054</run_address>
         <size>0xb8</size>
         <input_file_ref idref="fl-2"/>
      </object_component>
      <object_component id="oc-a64">
         <name>.text:readTaskCallback</name>
         <load_address>0x2000f10c</load_address>
         <run_address>0x2000f10c</run_address>
         <size>0xb6</size>
         <input_file_ref idref="fl-17"/>
      </object_component>
      <object_component id="oc-6a6">
         <name>.text:I2CCC32XX_completeTransfer</name>
         <load_address>0x2000f1c2</load_address>
         <run_address>0x2000f1c2</run_address>
         <size>0xb2</size>
         <input_file_ref idref="fl-13"/>
      </object_component>
      <object_component id="oc-616">
         <name>.text:_ltostr</name>
         <load_address>0x2000f274</load_address>
         <run_address>0x2000f274</run_address>
         <size>0xb1</size>
         <input_file_ref idref="fl-ec"/>
      </object_component>
      <object_component id="oc-a52">
         <name>.text:readTaskBlocking</name>
         <load_address>0x2000f326</load_address>
         <run_address>0x2000f326</run_address>
         <size>0xb0</size>
         <input_file_ref idref="fl-17"/>
      </object_component>
      <object_component id="oc-a58">
         <name>.text:readIsrTextBlocking</name>
         <load_address>0x2000f3d6</load_address>
         <run_address>0x2000f3d6</run_address>
         <size>0xae</size>
         <input_file_ref idref="fl-17"/>
      </object_component>
      <object_component id="oc-694">
         <name>.text:I2CCC32XX_primeWriteBurst</name>
         <load_address>0x2000f484</load_address>
         <run_address>0x2000f484</run_address>
         <size>0xa8</size>
         <input_file_ref idref="fl-13"/>
      </object_component>
      <object_component id="oc-b5">
         <name>.text:IntEnable</name>
         <load_address>0x2000f52c</load_address>
         <run_address>0x2000f52c</run_address>
         <size>0xa8</size>
         <input_file_ref idref="fl-24"/>
      </object_component>
      <object_component id="oc-2d8">
         <name>.text:PowerCC32XX_configureWakeup</name>
         <load_address>0x2000f5d4</load_address>
         <run_address>0x2000f5d4</run_address>
         <size>0xa8</size>
         <input_file_ref idref="fl-14"/>
      </object_component>
      <object_component id="oc-a6a">
         <name>.text:readIsrTextCallback</name>
         <load_address>0x2000f67c</load_address>
         <run_address>0x2000f67c</run_address>
         <size>0xa2</size>
         <input_file_ref idref="fl-17"/>
      </object_component>
      <object_component id="oc-9cb">
         <name>.text:writeData</name>
         <load_address>0x2000f71e</load_address>
         <run_address>0x2000f71e</run_address>
         <size>0xa2</size>
         <input_file_ref idref="fl-17"/>
      </object_component>
      <object_component id="oc-2fd">
         <name>.text:SemaphoreP_pend</name>
         <load_address>0x2000f7c0</load_address>
         <run_address>0x2000f7c0</run_address>
         <size>0xa0</size>
         <input_file_ref idref="fl-1b"/>
      </object_component>
      <object_component id="oc-4b9">
         <name>.text:I2CCC32XX_initHw</name>
         <load_address>0x2000f860</load_address>
         <run_address>0x2000f860</run_address>
         <size>0x9c</size>
         <input_file_ref idref="fl-13"/>
      </object_component>
      <object_component id="oc-3b">
         <name>.text</name>
         <load_address>0x2000f8fc</load_address>
         <run_address>0x2000f8fc</run_address>
         <size>0x9c</size>
         <input_file_ref idref="fl-e5"/>
      </object_component>
      <object_component id="oc-598">
         <name>.text</name>
         <load_address>0x2000f998</load_address>
         <run_address>0x2000f998</run_address>
         <size>0x96</size>
         <input_file_ref idref="fl-e6"/>
      </object_component>
      <object_component id="oc-7cf">
         <name>.text:UARTCC32XX_init</name>
         <load_address>0x2000fa2e</load_address>
         <run_address>0x2000fa2e</run_address>
         <size>0x2</size>
         <input_file_ref idref="fl-17"/>
      </object_component>
      <object_component id="oc-1e8">
         <name>.text:GPIO_init</name>
         <load_address>0x2000fa30</load_address>
         <run_address>0x2000fa30</run_address>
         <size>0x90</size>
         <input_file_ref idref="fl-12"/>
      </object_component>
      <object_component id="oc-786">
         <name>.text:restoreNVICRegs</name>
         <load_address>0x2000fac0</load_address>
         <run_address>0x2000fac0</run_address>
         <size>0x90</size>
         <input_file_ref idref="fl-14"/>
      </object_component>
      <object_component id="oc-4ad">
         <name>.text:HwiP_construct</name>
         <load_address>0x2000fb50</load_address>
         <run_address>0x2000fb50</run_address>
         <size>0x8c</size>
         <input_file_ref idref="fl-1d"/>
      </object_component>
      <object_component id="oc-94f">
         <name>.text:IntPendSet</name>
         <load_address>0x2000fbdc</load_address>
         <run_address>0x2000fbdc</run_address>
         <size>0x88</size>
         <input_file_ref idref="fl-24"/>
      </object_component>
      <object_component id="oc-37e">
         <name>.text:PinConfigSet</name>
         <load_address>0x2000fc64</load_address>
         <run_address>0x2000fc64</run_address>
         <size>0x88</size>
         <input_file_ref idref="fl-25"/>
      </object_component>
      <object_component id="oc-61c">
         <name>.text:__aeabi_cdcmple</name>
         <load_address>0x2000fcec</load_address>
         <run_address>0x2000fcec</run_address>
         <size>0x86</size>
         <input_file_ref idref="fl-ef"/>
      </object_component>
      <object_component id="oc-81a">
         <name>.text:__aeabi_cdrcmple</name>
         <load_address>0x2000fd72</load_address>
         <run_address>0x2000fd72</run_address>
         <size>0x86</size>
         <input_file_ref idref="fl-ef"/>
      </object_component>
      <object_component id="oc-1e2">
         <name>.text:Power_init</name>
         <load_address>0x2000fdf8</load_address>
         <run_address>0x2000fdf8</run_address>
         <size>0x84</size>
         <input_file_ref idref="fl-14"/>
      </object_component>
      <object_component id="oc-77b">
         <name>.text:saveNVICRegs</name>
         <load_address>0x2000fe7c</load_address>
         <run_address>0x2000fe7c</run_address>
         <size>0x84</size>
         <input_file_ref idref="fl-14"/>
      </object_component>
      <object_component id="oc-3b7">
         <name>.text:GPIO_write</name>
         <load_address>0x2000ff00</load_address>
         <run_address>0x2000ff00</run_address>
         <size>0x80</size>
         <input_file_ref idref="fl-12"/>
      </object_component>
      <object_component id="oc-384">
         <name>.text:Power_setDependency</name>
         <load_address>0x2000ff80</load_address>
         <run_address>0x2000ff80</run_address>
         <size>0x80</size>
         <input_file_ref idref="fl-14"/>
      </object_component>
      <object_component id="oc-a4c">
         <name>.text:readIsrBinaryBlocking</name>
         <load_address>0x20010000</load_address>
         <run_address>0x20010000</run_address>
         <size>0x7c</size>
         <input_file_ref idref="fl-17"/>
      </object_component>
      <object_component id="oc-68e">
         <name>.text:I2CCC32XX_primeReadBurst</name>
         <load_address>0x2001007c</load_address>
         <run_address>0x2001007c</run_address>
         <size>0x7a</size>
         <input_file_ref idref="fl-13"/>
      </object_component>
      <object_component id="oc-545">
         <name>.text</name>
         <load_address>0x200100f6</load_address>
         <run_address>0x200100f6</run_address>
         <size>0x7a</size>
         <input_file_ref idref="fl-e1"/>
      </object_component>
      <object_component id="oc-9d">
         <name>.text</name>
         <load_address>0x20010170</load_address>
         <run_address>0x20010170</run_address>
         <size>0x7a</size>
         <input_file_ref idref="fl-f4"/>
      </object_component>
      <object_component id="oc-a5e">
         <name>.text:readIsrBinaryCallback</name>
         <load_address>0x200101ea</load_address>
         <run_address>0x200101ea</run_address>
         <size>0x78</size>
         <input_file_ref idref="fl-17"/>
      </object_component>
      <object_component id="oc-9a3">
         <name>.text:UARTCC32XX_hwiIntFxn</name>
         <load_address>0x20010262</load_address>
         <run_address>0x20010262</run_address>
         <size>0x74</size>
         <input_file_ref idref="fl-17"/>
      </object_component>
      <object_component id="oc-3c5">
         <name>.text:_nop</name>
         <load_address>0x200102d6</load_address>
         <run_address>0x200102d6</run_address>
         <size>0x2</size>
         <input_file_ref idref="fl-f9"/>
      </object_component>
      <object_component id="oc-31c">
         <name>.text:powerNotifyFxn</name>
         <load_address>0x200102d8</load_address>
         <run_address>0x200102d8</run_address>
         <size>0x74</size>
         <input_file_ref idref="fl-12"/>
      </object_component>
      <object_component id="oc-8fc">
         <name>.text:split</name>
         <load_address>0x2001034c</load_address>
         <run_address>0x2001034c</run_address>
         <size>0x70</size>
         <input_file_ref idref="fl-ea"/>
      </object_component>
      <object_component id="oc-83a">
         <name>.text:_mcpy</name>
         <load_address>0x200103bc</load_address>
         <run_address>0x200103bc</run_address>
         <size>0x6e</size>
         <input_file_ref idref="fl-ec"/>
      </object_component>
      <object_component id="oc-6c1">
         <name>.text:I2CSupport_primeTransfer</name>
         <load_address>0x2001042a</load_address>
         <run_address>0x2001042a</run_address>
         <size>0x6a</size>
         <input_file_ref idref="fl-13"/>
      </object_component>
      <object_component id="oc-23e">
         <name>.text:TickFunc_Report</name>
         <load_address>0x20010494</load_address>
         <run_address>0x20010494</run_address>
         <size>0x68</size>
         <input_file_ref idref="fl-2"/>
      </object_component>
      <object_component id="oc-14">
         <name>.text:decompress:lzss:__TI_decompress_lzss</name>
         <load_address>0x200104fc</load_address>
         <run_address>0x200104fc</run_address>
         <size>0x68</size>
         <input_file_ref idref="fl-e9"/>
      </object_component>
      <object_component id="oc-7f9">
         <name>.text:UARTCC32XX_writeCancel</name>
         <load_address>0x20010564</load_address>
         <run_address>0x20010564</run_address>
         <size>0x66</size>
         <input_file_ref idref="fl-17"/>
      </object_component>
      <object_component id="oc-73">
         <name>.text:busFaultHandler</name>
         <load_address>0x200105ca</load_address>
         <run_address>0x200105ca</run_address>
         <size>0x2</size>
         <input_file_ref idref="fl-1f"/>
      </object_component>
      <object_component id="oc-396">
         <name>.text:GPIO_setInterruptConfig</name>
         <load_address>0x200105cc</load_address>
         <run_address>0x200105cc</run_address>
         <size>0x64</size>
         <input_file_ref idref="fl-12"/>
      </object_component>
      <object_component id="oc-46a">
         <name>.text:PowerCC32XX_setParkState</name>
         <load_address>0x20010630</load_address>
         <run_address>0x20010630</run_address>
         <size>0x64</size>
         <input_file_ref idref="fl-14"/>
      </object_component>
      <object_component id="oc-7f3">
         <name>.text:UARTCC32XX_writePolling</name>
         <load_address>0x20010694</load_address>
         <run_address>0x20010694</run_address>
         <size>0x62</size>
         <input_file_ref idref="fl-17"/>
      </object_component>
      <object_component id="oc-43f">
         <name>.text:clkFxn</name>
         <load_address>0x200106f6</load_address>
         <run_address>0x200106f6</run_address>
         <size>0x2</size>
         <input_file_ref idref="fl-1b"/>
      </object_component>
      <object_component id="oc-39f">
         <name>.text:GPIO_hwiIntFxn</name>
         <load_address>0x200106f8</load_address>
         <run_address>0x200106f8</run_address>
         <size>0x60</size>
         <input_file_ref idref="fl-12"/>
      </object_component>
      <object_component id="oc-2a6">
         <name>.text:PRCMSysResetCauseGet</name>
         <load_address>0x20010758</load_address>
         <run_address>0x20010758</run_address>
         <size>0x60</size>
         <input_file_ref idref="fl-26"/>
      </object_component>
      <object_component id="oc-84f">
         <name>.text:frexp</name>
         <load_address>0x200107b8</load_address>
         <run_address>0x200107b8</run_address>
         <size>0x5c</size>
         <input_file_ref idref="fl-103"/>
      </object_component>
      <object_component id="oc-90f">
         <name>.text:sysTickInit</name>
         <load_address>0x20010814</load_address>
         <run_address>0x20010814</run_address>
         <size>0x5c</size>
         <input_file_ref idref="fl-1c"/>
      </object_component>
      <object_component id="oc-2bf">
         <name>.text:PRCMPeripheralReset</name>
         <load_address>0x20010870</load_address>
         <run_address>0x20010870</run_address>
         <size>0x58</size>
         <input_file_ref idref="fl-26"/>
      </object_component>
      <object_component id="oc-8eb">
         <name>.text:Power_releaseDependency</name>
         <load_address>0x200108c8</load_address>
         <run_address>0x200108c8</run_address>
         <size>0x58</size>
         <input_file_ref idref="fl-14"/>
      </object_component>
      <object_component id="oc-627">
         <name>.text:_pconv_f</name>
         <load_address>0x20010920</load_address>
         <run_address>0x20010920</run_address>
         <size>0x56</size>
         <input_file_ref idref="fl-ec"/>
      </object_component>
      <object_component id="oc-6d">
         <name>.text:defaultHandler</name>
         <load_address>0x20010976</load_address>
         <run_address>0x20010976</run_address>
         <size>0x2</size>
         <input_file_ref idref="fl-1f"/>
      </object_component>
      <object_component id="oc-22c">
         <name>.text:TickFunc_ButtonCheck</name>
         <load_address>0x20010978</load_address>
         <run_address>0x20010978</run_address>
         <size>0x54</size>
         <input_file_ref idref="fl-2"/>
      </object_component>
      <object_component id="oc-824">
         <name>.text:__TI_ltoa</name>
         <load_address>0x200109cc</load_address>
         <run_address>0x200109cc</run_address>
         <size>0x54</size>
         <input_file_ref idref="fl-fa"/>
      </object_component>
      <object_component id="oc-ab7">
         <name>.text:ringBufGet</name>
         <load_address>0x20010a20</load_address>
         <run_address>0x20010a20</run_address>
         <size>0x54</size>
         <input_file_ref idref="fl-17"/>
      </object_component>
      <object_component id="oc-92c">
         <name>.text:PowerCC32XX_resumeLPDS</name>
         <load_address>0x20010a74</load_address>
         <run_address>0x20010a74</run_address>
         <size>0x52</size>
         <input_file_ref idref="fl-15"/>
      </object_component>
      <object_component id="oc-834">
         <name>.text:_ecpy</name>
         <load_address>0x20010ac6</load_address>
         <run_address>0x20010ac6</run_address>
         <size>0x52</size>
         <input_file_ref idref="fl-ec"/>
      </object_component>
      <object_component id="oc-501">
         <name>.text:initHw</name>
         <load_address>0x20010b18</load_address>
         <run_address>0x20010b18</run_address>
         <size>0x52</size>
         <input_file_ref idref="fl-16"/>
      </object_component>
      <object_component id="oc-67">
         <name>.text:faultISR</name>
         <load_address>0x20010b6a</load_address>
         <run_address>0x20010b6a</run_address>
         <size>0x2</size>
         <input_file_ref idref="fl-1f"/>
      </object_component>
      <object_component id="oc-79">
         <name>.text:ClockP_sysTickHandler</name>
         <load_address>0x20010b6c</load_address>
         <run_address>0x20010b6c</run_address>
         <size>0x50</size>
         <input_file_ref idref="fl-1c"/>
      </object_component>
      <object_component id="oc-5c4">
         <name>.text:SemaphoreP_construct</name>
         <load_address>0x20010bbc</load_address>
         <run_address>0x20010bbc</run_address>
         <size>0x50</size>
         <input_file_ref idref="fl-1b"/>
      </object_component>
      <object_component id="oc-4e9">
         <name>.text:TimerCC32XX_allocateTimerResource</name>
         <load_address>0x20010c0c</load_address>
         <run_address>0x20010c0c</run_address>
         <size>0x50</size>
         <input_file_ref idref="fl-16"/>
      </object_component>
      <object_component id="oc-682">
         <name>.text:I2CCC32XX_readRecieveFifo</name>
         <load_address>0x20010c5c</load_address>
         <run_address>0x20010c5c</run_address>
         <size>0x4c</size>
         <input_file_ref idref="fl-13"/>
      </object_component>
      <object_component id="oc-923">
         <name>.text:PowerCC32XX_parkPin</name>
         <load_address>0x20010ca8</load_address>
         <run_address>0x20010ca8</run_address>
         <size>0x4c</size>
         <input_file_ref idref="fl-14"/>
      </object_component>
      <object_component id="oc-610">
         <name>.text:atoi</name>
         <load_address>0x20010cf4</load_address>
         <run_address>0x20010cf4</run_address>
         <size>0x4c</size>
         <input_file_ref idref="fl-fc"/>
      </object_component>
      <object_component id="oc-78c">
         <name>.text:restorePeriphClocks</name>
         <load_address>0x20010d40</load_address>
         <run_address>0x20010d40</run_address>
         <size>0x4c</size>
         <input_file_ref idref="fl-14"/>
      </object_component>
      <object_component id="oc-337">
         <name>.text:snprintf</name>
         <load_address>0x20010d8c</load_address>
         <run_address>0x20010d8c</run_address>
         <size>0x4c</size>
         <input_file_ref idref="fl-e0"/>
      </object_component>
      <object_component id="oc-947">
         <name>.text:FlashDisable</name>
         <load_address>0x20010dd8</load_address>
         <run_address>0x20010dd8</run_address>
         <size>0x48</size>
         <input_file_ref idref="fl-2a"/>
      </object_component>
      <object_component id="oc-52d">
         <name>.text:GPIO_disableInt</name>
         <load_address>0x20010e20</load_address>
         <run_address>0x20010e20</run_address>
         <size>0x48</size>
         <input_file_ref idref="fl-12"/>
      </object_component>
      <object_component id="oc-214">
         <name>.text:GPIO_enableInt</name>
         <load_address>0x20010e68</load_address>
         <run_address>0x20010e68</run_address>
         <size>0x48</size>
         <input_file_ref idref="fl-12"/>
      </object_component>
      <object_component id="oc-798">
         <name>.text:PRCMLPDSEnter</name>
         <load_address>0x20010eb0</load_address>
         <run_address>0x20010eb0</run_address>
         <size>0x48</size>
         <input_file_ref idref="fl-26"/>
      </object_component>
      <object_component id="oc-2b9">
         <name>.text:PRCMPeripheralClkEnable</name>
         <load_address>0x20010ef8</load_address>
         <run_address>0x20010ef8</run_address>
         <size>0x48</size>
         <input_file_ref idref="fl-26"/>
      </object_component>
      <object_component id="oc-8a9">
         <name>.text:Power_releaseConstraint</name>
         <load_address>0x20010f40</load_address>
         <run_address>0x20010f40</run_address>
         <size>0x48</size>
         <input_file_ref idref="fl-14"/>
      </object_component>
      <object_component id="oc-202">
         <name>.text:initTimer</name>
         <load_address>0x20010f88</load_address>
         <run_address>0x20010f88</run_address>
         <size>0x48</size>
         <input_file_ref idref="fl-2"/>
      </object_component>
      <object_component id="oc-81f">
         <name>.text</name>
         <load_address>0x20010fd0</load_address>
         <run_address>0x20010fd0</run_address>
         <size>0x48</size>
         <input_file_ref idref="fl-f2"/>
      </object_component>
      <object_component id="oc-aa4">
         <name>.text:RingBuf_put</name>
         <load_address>0x20011018</load_address>
         <run_address>0x20011018</run_address>
         <size>0x46</size>
         <input_file_ref idref="fl-19"/>
      </object_component>
      <object_component id="oc-4fb">
         <name>.text:getPrescaler</name>
         <load_address>0x2001105e</load_address>
         <run_address>0x2001105e</run_address>
         <size>0x46</size>
         <input_file_ref idref="fl-16"/>
      </object_component>
      <object_component id="oc-5e7">
         <name>.text:ClockP_stop</name>
         <load_address>0x200110a4</load_address>
         <run_address>0x200110a4</run_address>
         <size>0x44</size>
         <input_file_ref idref="fl-1c"/>
      </object_component>
      <object_component id="oc-931">
         <name>.text:PRCMLPDSRestoreInfoSet</name>
         <load_address>0x200110e8</load_address>
         <run_address>0x200110e8</run_address>
         <size>0x44</size>
         <input_file_ref idref="fl-26"/>
      </object_component>
      <object_component id="oc-781">
         <name>.text:PowerCC32XX_enterLPDS</name>
         <load_address>0x2001112c</load_address>
         <run_address>0x2001112c</run_address>
         <size>0x44</size>
         <input_file_ref idref="fl-15"/>
      </object_component>
      <object_component id="oc-309">
         <name>.text:SemaphoreP_post</name>
         <load_address>0x20011170</load_address>
         <run_address>0x20011170</run_address>
         <size>0x44</size>
         <input_file_ref idref="fl-1b"/>
      </object_component>
      <object_component id="oc-5b4">
         <name>.text:SwiP_restore</name>
         <load_address>0x200111b4</load_address>
         <run_address>0x200111b4</run_address>
         <size>0x44</size>
         <input_file_ref idref="fl-20"/>
      </object_component>
      <object_component id="oc-371">
         <name>.text:Timer_start</name>
         <load_address>0x200111f8</load_address>
         <run_address>0x200111f8</run_address>
         <size>0x44</size>
         <input_file_ref idref="fl-10"/>
      </object_component>
      <object_component id="oc-324">
         <name>.text:UART_init</name>
         <load_address>0x2001123c</load_address>
         <run_address>0x2001123c</run_address>
         <size>0x44</size>
         <input_file_ref idref="fl-11"/>
      </object_component>
      <object_component id="oc-179">
         <name>.text:__TI_auto_init_nobinit_nopinit:__TI_auto_init_nobinit_nopinit</name>
         <load_address>0x20011280</load_address>
         <run_address>0x20011280</run_address>
         <size>0x44</size>
         <input_file_ref idref="fl-f5"/>
      </object_component>
      <object_component id="oc-a3b">
         <name>.text:ClockP_construct</name>
         <load_address>0x200112c4</load_address>
         <run_address>0x200112c4</run_address>
         <size>0x40</size>
         <input_file_ref idref="fl-1c"/>
      </object_component>
      <object_component id="oc-2d1">
         <name>.text:PinModeSet</name>
         <load_address>0x20011304</load_address>
         <run_address>0x20011304</run_address>
         <size>0x40</size>
         <input_file_ref idref="fl-25"/>
      </object_component>
      <object_component id="oc-9bd">
         <name>.text:RingBuf_get</name>
         <load_address>0x20011344</load_address>
         <run_address>0x20011344</run_address>
         <size>0x40</size>
         <input_file_ref idref="fl-19"/>
      </object_component>
      <object_component id="oc-51b">
         <name>.text:TimerSupport_timerEnable</name>
         <load_address>0x20011384</load_address>
         <run_address>0x20011384</run_address>
         <size>0x40</size>
         <input_file_ref idref="fl-16"/>
      </object_component>
      <object_component id="oc-4f5">
         <name>.text:Timer_close</name>
         <load_address>0x200113c4</load_address>
         <run_address>0x200113c4</run_address>
         <size>0x40</size>
         <input_file_ref idref="fl-16"/>
      </object_component>
      <object_component id="oc-7db">
         <name>.text:UARTCC32XX_read</name>
         <load_address>0x20011404</load_address>
         <run_address>0x20011404</run_address>
         <size>0x40</size>
         <input_file_ref idref="fl-17"/>
      </object_component>
      <object_component id="oc-330">
         <name>.text:UART_open</name>
         <load_address>0x20011444</load_address>
         <run_address>0x20011444</run_address>
         <size>0x40</size>
         <input_file_ref idref="fl-11"/>
      </object_component>
      <object_component id="oc-847">
         <name>.text:_fcpy</name>
         <load_address>0x20011484</load_address>
         <run_address>0x20011484</run_address>
         <size>0x3e</size>
         <input_file_ref idref="fl-ec"/>
      </object_component>
      <object_component id="oc-61">
         <name>.text:nmiISR</name>
         <load_address>0x200114c2</load_address>
         <run_address>0x200114c2</run_address>
         <size>0x2</size>
         <input_file_ref idref="fl-1f"/>
      </object_component>
      <object_component id="oc-439">
         <name>.text:ClockP_destruct</name>
         <load_address>0x200114c4</load_address>
         <run_address>0x200114c4</run_address>
         <size>0x3c</size>
         <input_file_ref idref="fl-1c"/>
      </object_component>
      <object_component id="oc-73a">
         <name>.text:Power_setConstraint</name>
         <load_address>0x20011500</load_address>
         <run_address>0x20011500</run_address>
         <size>0x3c</size>
         <input_file_ref idref="fl-14"/>
      </object_component>
      <object_component id="oc-1f6">
         <name>.text:initUART</name>
         <load_address>0x2001153c</load_address>
         <run_address>0x2001153c</run_address>
         <size>0x3c</size>
         <input_file_ref idref="fl-2"/>
      </object_component>
      <object_component id="oc-592">
         <name>.text:getCountsRTC</name>
         <load_address>0x20011578</load_address>
         <run_address>0x20011578</run_address>
         <size>0x3a</size>
         <input_file_ref idref="fl-1e"/>
      </object_component>
      <object_component id="oc-769">
         <name>.text</name>
         <load_address>0x200115b2</load_address>
         <run_address>0x200115b2</run_address>
         <size>0x2</size>
         <input_file_ref idref="fl-ed"/>
      </object_component>
      <object_component id="oc-79e">
         <name>.text:PRCMLPDSEnterKeepDebugIf</name>
         <load_address>0x200115b4</load_address>
         <run_address>0x200115b4</run_address>
         <size>0x38</size>
         <input_file_ref idref="fl-26"/>
      </object_component>
      <object_component id="oc-db">
         <name>.text:addToList</name>
         <load_address>0x200115ec</load_address>
         <run_address>0x200115ec</run_address>
         <size>0x38</size>
         <input_file_ref idref="fl-1c"/>
      </object_component>
      <object_component id="oc-59">
         <name>.text:initVectors</name>
         <load_address>0x20011624</load_address>
         <run_address>0x20011624</run_address>
         <size>0x38</size>
         <input_file_ref idref="fl-1f"/>
      </object_component>
      <object_component id="oc-76f">
         <name>.text:notify</name>
         <load_address>0x2001165c</load_address>
         <run_address>0x2001165c</run_address>
         <size>0x38</size>
         <input_file_ref idref="fl-14"/>
      </object_component>
      <object_component id="oc-54a">
         <name>.text</name>
         <load_address>0x20011694</load_address>
         <run_address>0x20011694</run_address>
         <size>0x38</size>
         <input_file_ref idref="fl-e2"/>
      </object_component>
      <object_component id="oc-540">
         <name>.text</name>
         <load_address>0x200116cc</load_address>
         <run_address>0x200116cc</run_address>
         <size>0x38</size>
         <input_file_ref idref="fl-e3"/>
      </object_component>
      <object_component id="oc-71b">
         <name>.text:TimerControlStall</name>
         <load_address>0x20011704</load_address>
         <run_address>0x20011704</run_address>
         <size>0x36</size>
         <input_file_ref idref="fl-27"/>
      </object_component>
      <object_component id="oc-6e9">
         <name>.text:Timer_stop</name>
         <load_address>0x2001173a</load_address>
         <run_address>0x2001173a</run_address>
         <size>0x36</size>
         <input_file_ref idref="fl-10"/>
      </object_component>
      <object_component id="oc-7e7">
         <name>.text:UARTCC32XX_readCancel</name>
         <load_address>0x20011770</load_address>
         <run_address>0x20011770</run_address>
         <size>0x36</size>
         <input_file_ref idref="fl-17"/>
      </object_component>
      <object_component id="oc-580">
         <name>.text:ClockP_getTicksUntilInterrupt</name>
         <load_address>0x200117a8</load_address>
         <run_address>0x200117a8</run_address>
         <size>0x34</size>
         <input_file_ref idref="fl-1c"/>
      </object_component>
      <object_component id="oc-760">
         <name>.text:ClockP_startup</name>
         <load_address>0x200117dc</load_address>
         <run_address>0x200117dc</run_address>
         <size>0x34</size>
         <input_file_ref idref="fl-1c"/>
      </object_component>
      <object_component id="oc-2cb">
         <name>.text:PinModeGet</name>
         <load_address>0x20011810</load_address>
         <run_address>0x20011810</run_address>
         <size>0x34</size>
         <input_file_ref idref="fl-25"/>
      </object_component>
      <object_component id="oc-961">
         <name>.text:PowerCC32XX_restoreParkState</name>
         <load_address>0x20011844</load_address>
         <run_address>0x20011844</run_address>
         <size>0x34</size>
         <input_file_ref idref="fl-14"/>
      </object_component>
      <object_component id="oc-701">
         <name>.text:TimerCC32XX_freeTimerResource</name>
         <load_address>0x20011878</load_address>
         <run_address>0x20011878</run_address>
         <size>0x34</size>
         <input_file_ref idref="fl-16"/>
      </object_component>
      <object_component id="oc-513">
         <name>.text:TimerCC32XX_hwiIntFunction</name>
         <load_address>0x200118ac</load_address>
         <run_address>0x200118ac</run_address>
         <size>0x34</size>
         <input_file_ref idref="fl-16"/>
      </object_component>
      <object_component id="oc-21a">
         <name>.text:TimerISR</name>
         <load_address>0x200118e0</load_address>
         <run_address>0x200118e0</run_address>
         <size>0x34</size>
         <input_file_ref idref="fl-2"/>
      </object_component>
      <object_component id="oc-6de">
         <name>.text:getPowerMgrId</name>
         <load_address>0x20011914</load_address>
         <run_address>0x20011914</run_address>
         <size>0x34</size>
         <input_file_ref idref="fl-16"/>
      </object_component>
      <object_component id="oc-427">
         <name>.text:ClockP_start</name>
         <load_address>0x20011948</load_address>
         <run_address>0x20011948</run_address>
         <size>0x30</size>
         <input_file_ref idref="fl-1c"/>
      </object_component>
      <object_component id="oc-940">
         <name>.text:PowerCC32XX_restoreParkedPin</name>
         <load_address>0x20011978</load_address>
         <run_address>0x20011978</run_address>
         <size>0x30</size>
         <input_file_ref idref="fl-14"/>
      </object_component>
      <object_component id="oc-484">
         <name>.text:_outs</name>
         <load_address>0x200119a8</load_address>
         <run_address>0x200119a8</run_address>
         <size>0x30</size>
         <input_file_ref idref="fl-e0"/>
      </object_component>
      <object_component id="oc-82a">
         <name>.text</name>
         <load_address>0x200119d8</load_address>
         <run_address>0x200119d8</run_address>
         <size>0x2e</size>
         <input_file_ref idref="fl-f3"/>
      </object_component>
      <object_component id="oc-982">
         <name>.text:PowerCC32XX_getParkState</name>
         <load_address>0x20011a08</load_address>
         <run_address>0x20011a08</run_address>
         <size>0x2c</size>
         <input_file_ref idref="fl-14"/>
      </object_component>
      <object_component id="oc-232">
         <name>.text:TickFunc_TempCheck</name>
         <load_address>0x20011a34</load_address>
         <run_address>0x20011a34</run_address>
         <size>0x2c</size>
         <input_file_ref idref="fl-2"/>
      </object_component>
      <object_component id="oc-390">
         <name>.text:HwiP_create</name>
         <load_address>0x20011a60</load_address>
         <run_address>0x20011a60</run_address>
         <size>0x2a</size>
         <input_file_ref idref="fl-1d"/>
      </object_component>
      <object_component id="oc-715">
         <name>.text:TimerLoadSet</name>
         <load_address>0x20011a8a</load_address>
         <run_address>0x20011a8a</run_address>
         <size>0x2a</size>
         <input_file_ref idref="fl-27"/>
      </object_component>
      <object_component id="oc-70f">
         <name>.text:TimerPrescaleSet</name>
         <load_address>0x20011ab4</load_address>
         <run_address>0x20011ab4</run_address>
         <size>0x2a</size>
         <input_file_ref idref="fl-27"/>
      </object_component>
      <object_component id="oc-69a">
         <name>.text:I2CFIFODataPutNonBlocking</name>
         <load_address>0x20011ade</load_address>
         <run_address>0x20011ade</run_address>
         <size>0x28</size>
         <input_file_ref idref="fl-23"/>
      </object_component>
      <object_component id="oc-2c5">
         <name>.text:PRCMPeripheralClkDisable</name>
         <load_address>0x20011b08</load_address>
         <run_address>0x20011b08</run_address>
         <size>0x28</size>
         <input_file_ref idref="fl-26"/>
      </object_component>
      <object_component id="oc-303">
         <name>.text:Power_registerNotify</name>
         <load_address>0x20011b30</load_address>
         <run_address>0x20011b30</run_address>
         <size>0x28</size>
         <input_file_ref idref="fl-14"/>
      </object_component>
      <object_component id="oc-238">
         <name>.text:TickFunc_UpdateLED</name>
         <load_address>0x20011b58</load_address>
         <run_address>0x20011b58</run_address>
         <size>0x28</size>
         <input_file_ref idref="fl-2"/>
      </object_component>
      <object_component id="oc-5df">
         <name>.text:free_list_insert</name>
         <load_address>0x20011b80</load_address>
         <run_address>0x20011b80</run_address>
         <size>0x28</size>
         <input_file_ref idref="fl-ea"/>
      </object_component>
      <object_component id="oc-885">
         <name>.text:I2CFIFODataGetNonBlocking</name>
         <load_address>0x20011ba8</load_address>
         <run_address>0x20011ba8</run_address>
         <size>0x26</size>
         <input_file_ref idref="fl-23"/>
      </object_component>
      <object_component id="oc-6cd">
         <name>.text:I2C_cancel</name>
         <load_address>0x20011bce</load_address>
         <run_address>0x20011bce</run_address>
         <size>0x26</size>
         <input_file_ref idref="fl-f"/>
      </object_component>
      <object_component id="oc-449">
         <name>.text:List_put</name>
         <load_address>0x20011bf4</load_address>
         <run_address>0x20011bf4</run_address>
         <size>0x26</size>
         <input_file_ref idref="fl-18"/>
      </object_component>
      <object_component id="oc-8dc">
         <name>.text:List_remove</name>
         <load_address>0x20011c1a</load_address>
         <run_address>0x20011c1a</run_address>
         <size>0x26</size>
         <input_file_ref idref="fl-18"/>
      </object_component>
      <object_component id="oc-661">
         <name>.text:HwiP_dispatch</name>
         <load_address>0x20011c40</load_address>
         <run_address>0x20011c40</run_address>
         <size>0x24</size>
         <input_file_ref idref="fl-1d"/>
      </object_component>
      <object_component id="oc-97c">
         <name>.text:PowerCC32XX_reset</name>
         <load_address>0x20011c64</load_address>
         <run_address>0x20011c64</run_address>
         <size>0x24</size>
         <input_file_ref idref="fl-14"/>
      </object_component>
      <object_component id="oc-8d5">
         <name>.text:TimerSupport_timerDisable</name>
         <load_address>0x20011c88</load_address>
         <run_address>0x20011c88</run_address>
         <size>0x24</size>
         <input_file_ref idref="fl-16"/>
      </object_component>
      <object_component id="oc-c5">
         <name>.text:_c_int00_noargs:_c_int00_noargs</name>
         <load_address>0x20011cac</load_address>
         <run_address>0x20011cac</run_address>
         <size>0x24</size>
         <input_file_ref idref="fl-eb"/>
      </object_component>
      <object_component id="oc-88d">
         <name>.text:I2CMasterSlaveAddrSet</name>
         <load_address>0x20011cd0</load_address>
         <run_address>0x20011cd0</run_address>
         <size>0x22</size>
         <input_file_ref idref="fl-23"/>
      </object_component>
      <object_component id="oc-8e3">
         <name>.text:HwiP_destruct</name>
         <load_address>0x20011cf2</load_address>
         <run_address>0x20011cf2</run_address>
         <size>0x20</size>
         <input_file_ref idref="fl-1d"/>
      </object_component>
      <object_component id="oc-6ef">
         <name>.text:Power_unregisterNotify</name>
         <load_address>0x20011d14</load_address>
         <run_address>0x20011d14</run_address>
         <size>0x20</size>
         <input_file_ref idref="fl-14"/>
      </object_component>
      <object_component id="oc-968">
         <name>.text:RingBuf_peek</name>
         <load_address>0x20011d34</load_address>
         <run_address>0x20011d34</run_address>
         <size>0x20</size>
         <input_file_ref idref="fl-19"/>
      </object_component>
      <object_component id="oc-976">
         <name>.text:getPowerMgrId</name>
         <load_address>0x20011d54</load_address>
         <run_address>0x20011d54</run_address>
         <size>0x20</size>
         <input_file_ref idref="fl-17"/>
      </object_component>
      <object_component id="oc-676">
         <name>.text:I2CMasterIntStatusEx</name>
         <load_address>0x20011d74</load_address>
         <run_address>0x20011d74</run_address>
         <size>0x1e</size>
         <input_file_ref idref="fl-23"/>
      </object_component>
      <object_component id="oc-4b3">
         <name>.text:SemaphoreP_constructBinary</name>
         <load_address>0x20011d92</load_address>
         <run_address>0x20011d92</run_address>
         <size>0x1e</size>
         <input_file_ref idref="fl-1b"/>
      </object_component>
      <object_component id="oc-709">
         <name>.text:TimerDisable</name>
         <load_address>0x20011db0</load_address>
         <run_address>0x20011db0</run_address>
         <size>0x1e</size>
         <input_file_ref idref="fl-27"/>
      </object_component>
      <object_component id="oc-740">
         <name>.text:TimerEnable</name>
         <load_address>0x20011dce</load_address>
         <run_address>0x20011dce</run_address>
         <size>0x1e</size>
         <input_file_ref idref="fl-27"/>
      </object_component>
      <object_component id="oc-20e">
         <name>.text:GPIO_setCallback</name>
         <load_address>0x20011dec</load_address>
         <run_address>0x20011dec</run_address>
         <size>0x1c</size>
         <input_file_ref idref="fl-e"/>
      </object_component>
      <object_component id="oc-91d">
         <name>.text:PinToPadGet</name>
         <load_address>0x20011e08</load_address>
         <run_address>0x20011e08</run_address>
         <size>0x1c</size>
         <input_file_ref idref="fl-25"/>
      </object_component>
      <object_component id="oc-574">
         <name>.text:SwiP_disable</name>
         <load_address>0x20011e24</load_address>
         <run_address>0x20011e24</run_address>
         <size>0x1c</size>
         <input_file_ref idref="fl-20"/>
      </object_component>
      <object_component id="oc-5d9">
         <name>.text:free_list_remove</name>
         <load_address>0x20011e40</load_address>
         <run_address>0x20011e40</run_address>
         <size>0x1c</size>
         <input_file_ref idref="fl-ea"/>
      </object_component>
      <object_component id="oc-639">
         <name>.text:memccpy</name>
         <load_address>0x20011e5c</load_address>
         <run_address>0x20011e5c</run_address>
         <size>0x1c</size>
         <input_file_ref idref="fl-fe"/>
      </object_component>
      <object_component id="oc-98e">
         <name>.text:ClockP_create</name>
         <load_address>0x20011e78</load_address>
         <run_address>0x20011e78</run_address>
         <size>0x1a</size>
         <input_file_ref idref="fl-1c"/>
      </object_component>
      <object_component id="oc-2e5">
         <name>.text:SemaphoreP_createBinary</name>
         <load_address>0x20011e92</load_address>
         <run_address>0x20011e92</run_address>
         <size>0x1a</size>
         <input_file_ref idref="fl-1b"/>
      </object_component>
      <object_component id="oc-21">
         <name>.text:resetISR</name>
         <load_address>0x20011eac</load_address>
         <run_address>0x20011eac</run_address>
         <size>0x1a</size>
         <input_file_ref idref="fl-1f"/>
      </object_component>
      <object_component id="oc-8be">
         <name>.text:I2CMasterBusBusy</name>
         <load_address>0x20011ec6</load_address>
         <run_address>0x20011ec6</run_address>
         <size>0x18</size>
         <input_file_ref idref="fl-23"/>
      </object_component>
      <object_component id="oc-688">
         <name>.text:I2CMasterIntDisableEx</name>
         <load_address>0x20011ede</load_address>
         <run_address>0x20011ede</run_address>
         <size>0x18</size>
         <input_file_ref idref="fl-23"/>
      </object_component>
      <object_component id="oc-89f">
         <name>.text:I2CMasterIntEnableEx</name>
         <load_address>0x20011ef6</load_address>
         <run_address>0x20011ef6</run_address>
         <size>0x18</size>
         <input_file_ref idref="fl-23"/>
      </object_component>
      <object_component id="oc-8b8">
         <name>.text:I2CRxFIFOFlush</name>
         <load_address>0x20011f0e</load_address>
         <run_address>0x20011f0e</run_address>
         <size>0x18</size>
         <input_file_ref idref="fl-23"/>
      </object_component>
      <object_component id="oc-8b2">
         <name>.text:I2CTxFIFOFlush</name>
         <load_address>0x20011f26</load_address>
         <run_address>0x20011f26</run_address>
         <size>0x18</size>
         <input_file_ref idref="fl-23"/>
      </object_component>
      <object_component id="oc-586">
         <name>.text:Power_getTransitionLatency</name>
         <load_address>0x20011f40</load_address>
         <run_address>0x20011f40</run_address>
         <size>0x18</size>
         <input_file_ref idref="fl-14"/>
      </object_component>
      <object_component id="oc-7b2">
         <name>.text:Power_idleFunc</name>
         <load_address>0x20011f58</load_address>
         <run_address>0x20011f58</run_address>
         <size>0x18</size>
         <input_file_ref idref="fl-14"/>
      </object_component>
      <object_component id="oc-a19">
         <name>.text:TimerIntDisable</name>
         <load_address>0x20011f70</load_address>
         <run_address>0x20011f70</run_address>
         <size>0x18</size>
         <input_file_ref idref="fl-27"/>
      </object_component>
      <object_component id="oc-734">
         <name>.text:TimerIntEnable</name>
         <load_address>0x20011f88</load_address>
         <run_address>0x20011f88</run_address>
         <size>0x18</size>
         <input_file_ref idref="fl-27"/>
      </object_component>
      <object_component id="oc-9c5">
         <name>.text:UARTBusy</name>
         <load_address>0x20011fa0</load_address>
         <run_address>0x20011fa0</run_address>
         <size>0x18</size>
         <input_file_ref idref="fl-28"/>
      </object_component>
      <object_component id="oc-a7f">
         <name>.text:UARTIntEnable</name>
         <load_address>0x20011fb8</load_address>
         <run_address>0x20011fb8</run_address>
         <size>0x18</size>
         <input_file_ref idref="fl-28"/>
      </object_component>
      <object_component id="oc-32a">
         <name>.text:UART_Params_init</name>
         <load_address>0x20011fd0</load_address>
         <run_address>0x20011fd0</run_address>
         <size>0x18</size>
         <input_file_ref idref="fl-11"/>
      </object_component>
      <object_component id="oc-48a">
         <name>.text:_outc</name>
         <load_address>0x20011fe8</load_address>
         <run_address>0x20011fe8</run_address>
         <size>0x18</size>
         <input_file_ref idref="fl-e0"/>
      </object_component>
      <object_component id="oc-5a3">
         <name>.text</name>
         <load_address>0x20012000</load_address>
         <run_address>0x20012000</run_address>
         <size>0x18</size>
         <input_file_ref idref="fl-e4"/>
      </object_component>
      <object_component id="oc-899">
         <name>.text:I2CMasterBurstLengthSet</name>
         <load_address>0x20012018</load_address>
         <run_address>0x20012018</run_address>
         <size>0x16</size>
         <input_file_ref idref="fl-23"/>
      </object_component>
      <object_component id="oc-2b3">
         <name>.text:PRCMHIBRegRead</name>
         <load_address>0x2001202e</load_address>
         <run_address>0x2001202e</run_address>
         <size>0x16</size>
         <input_file_ref idref="fl-26"/>
      </object_component>
      <object_component id="oc-2ad">
         <name>.text:PRCMHIBRegWrite</name>
         <load_address>0x20012044</load_address>
         <run_address>0x20012044</run_address>
         <size>0x16</size>
         <input_file_ref idref="fl-26"/>
      </object_component>
      <object_component id="oc-40f">
         <name>.text:SemaphoreP_create</name>
         <load_address>0x2001205a</load_address>
         <run_address>0x2001205a</run_address>
         <size>0x16</size>
         <input_file_ref idref="fl-1b"/>
      </object_component>
      <object_component id="oc-85b">
         <name>.text:strchr</name>
         <load_address>0x20012070</load_address>
         <run_address>0x20012070</run_address>
         <size>0x16</size>
         <input_file_ref idref="fl-ff"/>
      </object_component>
      <object_component id="oc-15a">
         <name>.text:Board_init</name>
         <load_address>0x20012086</load_address>
         <run_address>0x20012086</run_address>
         <size>0x14</size>
         <input_file_ref idref="fl-3"/>
      </object_component>
      <object_component id="oc-a3">
         <name>.text:CPUcpsid</name>
         <load_address>0x2001209a</load_address>
         <run_address>0x2001209a</run_address>
         <size>0x14</size>
         <input_file_ref idref="fl-22"/>
      </object_component>
      <object_component id="oc-450">
         <name>.text:HwiP_inISR</name>
         <load_address>0x200120b0</load_address>
         <run_address>0x200120b0</run_address>
         <size>0x14</size>
         <input_file_ref idref="fl-1d"/>
      </object_component>
      <object_component id="oc-8c6">
         <name>.text:I2CSupport_masterFinish</name>
         <load_address>0x200120c4</load_address>
         <run_address>0x200120c4</run_address>
         <size>0x14</size>
         <input_file_ref idref="fl-13"/>
      </object_component>
      <object_component id="oc-355">
         <name>.text:I2C_transfer</name>
         <load_address>0x200120d8</load_address>
         <run_address>0x200120d8</run_address>
         <size>0x14</size>
         <input_file_ref idref="fl-f"/>
      </object_component>
      <object_component id="oc-af">
         <name>.text:IntVTableBaseSet</name>
         <load_address>0x200120ec</load_address>
         <run_address>0x200120ec</run_address>
         <size>0x14</size>
         <input_file_ref idref="fl-24"/>
      </object_component>
      <object_component id="oc-456">
         <name>.text:Power_disablePolicy</name>
         <load_address>0x20012100</load_address>
         <run_address>0x20012100</run_address>
         <size>0x14</size>
         <input_file_ref idref="fl-14"/>
      </object_component>
      <object_component id="oc-939">
         <name>.text:Power_getDependencyCount</name>
         <load_address>0x20012114</load_address>
         <run_address>0x20012114</run_address>
         <size>0x14</size>
         <input_file_ref idref="fl-14"/>
      </object_component>
      <object_component id="oc-a79">
         <name>.text:releasePowerConstraint</name>
         <load_address>0x20012128</load_address>
         <run_address>0x20012128</run_address>
         <size>0x14</size>
         <input_file_ref idref="fl-17"/>
      </object_component>
      <object_component id="oc-60a">
         <name>.text:strlen</name>
         <load_address>0x2001213c</load_address>
         <run_address>0x2001213c</run_address>
         <size>0x14</size>
         <input_file_ref idref="fl-100"/>
      </object_component>
      <object_component id="oc-38a">
         <name>.text:HwiP_Params_init</name>
         <load_address>0x20012150</load_address>
         <run_address>0x20012150</run_address>
         <size>0x12</size>
         <input_file_ref idref="fl-1d"/>
      </object_component>
      <object_component id="oc-67c">
         <name>.text:I2CMasterIntClearEx</name>
         <load_address>0x20012162</load_address>
         <run_address>0x20012162</run_address>
         <size>0x12</size>
         <input_file_ref idref="fl-23"/>
      </object_component>
      <object_component id="oc-970">
[...]
      </symbol>
      <symbol id="sm-b02">
         <name>HwiP_disableInterrupt</name>
         <value>0x200122b9</value>
         <object_component_ref idref="oc-6bb"/>
      </symbol>
      <symbol id="sm-b32">
         <name>PowerCC32XX_initPolicy</name>
         <value>0x2000eab3</value>
         <object_component_ref idref="oc-3f8"/>
      </symbol>
      <symbol id="sm-b33">
         <name>PowerCC32XX_sleepPolicy</name>
         <value>0x2000d901</value>
         <object_component_ref idref="oc-3fe"/>
      </symbol>
      <symbol id="sm-b83">
         <name>resetISR</name>
         <value>0x20011ead</value>
         <object_component_ref idref="oc-21"/>
      </symbol>
      <symbol id="sm-b84">
         <name>resetVectorAddr</name>
         <value>0x20011ec0</value>
         <object_component_ref idref="oc-21"/>
      </symbol>
      <symbol id="sm-b85">
         <name>initVectors</name>
         <value>0x20011625</value>
         <object_component_ref idref="oc-59"/>
      </symbol>
      <symbol id="sm-b86">
         <name>resetVectors</name>
         <value>0x20004000</value>
         <object_component_ref idref="oc-27"/>
      </symbol>
      <symbol id="sm-bb6">
         <name>SwiP_disable</name>
         <value>0x20011e25</value>
         <object_component_ref idref="oc-574"/>
      </symbol>
      <symbol id="sm-bb7">
         <name>SwiP_restore</name>
         <value>0x200111b5</value>
         <object_component_ref idref="oc-5b4"/>
      </symbol>
      <symbol id="sm-bc2">
         <name>CPUcpsid</name>
         <value>0x2001209b</value>
         <object_component_ref idref="oc-a3"/>
      </symbol>
      <symbol id="sm-c2f">
         <name>I2CRxFIFOFlush</name>
         <value>0x20011f0f</value>
         <object_component_ref idref="oc-8b8"/>
      </symbol>
      <symbol id="sm-c30">
         <name>I2CTxFIFOFlush</name>
         <value>0x20011f27</value>
         <object_component_ref idref="oc-8b2"/>
      </symbol>
      <symbol id="sm-c31">
         <name>I2CFIFODataPutNonBlocking</name>
         <value>0x20011adf</value>
         <object_component_ref idref="oc-69a"/>
      </symbol>
      <symbol id="sm-c32">
         <name>I2CMasterBusBusy</name>
         <value>0x20011ec7</value>
         <object_component_ref idref="oc-8be"/>
      </symbol>
      <symbol id="sm-c33">
         <name>I2CMasterIntDisableEx</name>
         <value>0x20011edf</value>
         <object_component_ref idref="oc-688"/>
      </symbol>
      <symbol id="sm-c34">
         <name>I2CMasterBurstLengthSet</name>
         <value>0x20012019</value>
         <object_component_ref idref="oc-899"/>
      </symbol>
      <symbol id="sm-c35">
         <name>I2CMasterIntClearEx</name>
         <value>0x20012163</value>
         <object_component_ref idref="oc-67c"/>
      </symbol>
      <symbol id="sm-c36">
         <name>I2CMasterSlaveAddrSet</name>
         <value>0x20011cd1</value>
         <object_component_ref idref="oc-88d"/>
      </symbol>
      <symbol id="sm-c37">
         <name>I2CMasterIntEnableEx</name>
         <value>0x20011ef7</value>
         <object_component_ref idref="oc-89f"/>
      </symbol>
      <symbol id="sm-c38">
         <name>I2CFIFOStatus</name>
         <value>0x2001222d</value>
         <object_component_ref idref="oc-6a0"/>
      </symbol>
      <symbol id="sm-c39">
         <name>I2CMasterIntStatusEx</name>
         <value>0x20011d75</value>
         <object_component_ref idref="oc-676"/>
      </symbol>
      <symbol id="sm-c3a">
         <name>I2CFIFODataGetNonBlocking</name>
         <value>0x20011ba9</value>
         <object_component_ref idref="oc-885"/>
      </symbol>
      <symbol id="sm-c7f">
         <name>IntVTableBaseSet</name>
         <value>0x200120ed</value>
         <object_component_ref idref="oc-af"/>
      </symbol>
      <symbol id="sm-c80">
         <name>IntEnable</name>
         <value>0x2000f52d</value>
         <object_component_ref idref="oc-b5"/>
      </symbol>
      <symbol id="sm-c81">
         <name>IntMasterDisable</name>
         <value>0x20012381</value>
         <object_component_ref idref="oc-53"/>
      </symbol>
      <symbol id="sm-c82">
         <name>IntPendSet</name>
         <value>0x2000fbdd</value>
         <object_component_ref idref="oc-94f"/>
      </symbol>
      <symbol id="sm-cbc">
         <name>PinModeGet</name>
         <value>0x20011811</value>
         <object_component_ref idref="oc-2cb"/>
      </symbol>
      <symbol id="sm-cbd">
         <name>PinConfigSet</name>
         <value>0x2000fc65</value>
         <object_component_ref idref="oc-37e"/>
      </symbol>
      <symbol id="sm-cbe">
         <name>PinModeSet</name>
         <value>0x20011305</value>
         <object_component_ref idref="oc-2d1"/>
      </symbol>
      <symbol id="sm-cbf">
         <name>PinToPadGet</name>
         <value>0x20011e09</value>
         <object_component_ref idref="oc-91d"/>
      </symbol>
      <symbol id="sm-d88">
         <name>PRCMLPDSRestoreInfoSet</name>
         <value>0x200110e9</value>
         <object_component_ref idref="oc-931"/>
      </symbol>
      <symbol id="sm-d89">
         <name>PRCMPeripheralReset</name>
         <value>0x20010871</value>
         <object_component_ref idref="oc-2bf"/>
      </symbol>
      <symbol id="sm-d8a">
         <name>PRCMLPDSEnter</name>
         <value>0x20010eb1</value>
         <object_component_ref idref="oc-798"/>
      </symbol>
      <symbol id="sm-d8b">
         <name>PRCMPeripheralClkEnable</name>
         <value>0x20010ef9</value>
         <object_component_ref idref="oc-2b9"/>
      </symbol>
      <symbol id="sm-d8c">
         <name>PRCMLPDSEnterKeepDebugIf</name>
         <value>0x200115b5</value>
         <object_component_ref idref="oc-79e"/>
      </symbol>
      <symbol id="sm-d8d">
         <name>PRCMCC3200MCUInit</name>
         <value>0x2000ca91</value>
         <object_component_ref idref="oc-1dc"/>
      </symbol>
      <symbol id="sm-d8e">
         <name>PRCMHIBRegWrite</name>
         <value>0x20012045</value>
         <object_component_ref idref="oc-2ad"/>
      </symbol>
      <symbol id="sm-d8f">
         <name>PRCMSysResetCauseGet</name>
         <value>0x20010759</value>
         <object_component_ref idref="oc-2a6"/>
      </symbol>
      <symbol id="sm-d90">
         <name>PRCMPeripheralClkDisable</name>
         <value>0x20011b09</value>
         <object_component_ref idref="oc-2c5"/>
      </symbol>
      <symbol id="sm-d91">
         <name>PRCMHIBRegRead</name>
         <value>0x2001202f</value>
         <object_component_ref idref="oc-2b3"/>
      </symbol>
      <symbol id="sm-dd9">
         <name>TimerLoadSet</name>
         <value>0x20011a8b</value>
         <object_component_ref idref="oc-715"/>
      </symbol>
      <symbol id="sm-dda">
         <name>TimerDisable</name>
         <value>0x20011db1</value>
         <object_component_ref idref="oc-709"/>
      </symbol>
      <symbol id="sm-ddb">
         <name>TimerEnable</name>
         <value>0x20011dcf</value>
         <object_component_ref idref="oc-740"/>
      </symbol>
      <symbol id="sm-ddc">
         <name>TimerIntDisable</name>
         <value>0x20011f71</value>
         <object_component_ref idref="oc-a19"/>
      </symbol>
      <symbol id="sm-ddd">
         <name>TimerPrescaleSet</name>
         <value>0x20011ab5</value>
         <object_component_ref idref="oc-70f"/>
      </symbol>
      <symbol id="sm-dde">
         <name>TimerControlStall</name>
         <value>0x20011705</value>
         <object_component_ref idref="oc-71b"/>
      </symbol>
      <symbol id="sm-ddf">
         <name>TimerIntEnable</name>
         <value>0x20011f89</value>
         <object_component_ref idref="oc-734"/>
      </symbol>
      <symbol id="sm-de0">
         <name>TimerIntClear</name>
         <value>0x20012187</value>
         <object_component_ref idref="oc-72b"/>
      </symbol>
      <symbol id="sm-df4">
         <name>UARTBusy</name>
         <value>0x20011fa1</value>
         <object_component_ref idref="oc-9c5"/>
      </symbol>
      <symbol id="sm-df5">
         <name>UARTIntEnable</name>
         <value>0x20011fb9</value>
         <object_component_ref idref="oc-a7f"/>
      </symbol>
      <symbol id="sm-df9">
         <name>UtilsDelay</name>
         <value>0x200123c9</value>
         <object_component_ref idref="oc-2ac"/>
      </symbol>
      <symbol id="sm-e09">
         <name>FlashDisable</name>
         <value>0x20010dd9</value>
         <object_component_ref idref="oc-947"/>
      </symbol>
      <symbol id="sm-e38">
         <name>snprintf</name>
         <value>0x20010d8d</value>
         <object_component_ref idref="oc-337"/>
      </symbol>
      <symbol id="sm-e42">
         <name>__aeabi_fmul</name>
         <value>0x200100f7</value>
         <object_component_ref idref="oc-545"/>
      </symbol>
      <symbol id="sm-e4c">
         <name>__aeabi_f2iz</name>
         <value>0x20011695</value>
         <object_component_ref idref="oc-54a"/>
      </symbol>
      <symbol id="sm-e57">
         <name>__aeabi_i2f</name>
         <value>0x200116cd</value>
         <object_component_ref idref="oc-540"/>
      </symbol>
      <symbol id="sm-e60">
         <name>__aeabi_lmul</name>
         <value>0x20012001</value>
         <object_component_ref idref="oc-5a3"/>
      </symbol>
      <symbol id="sm-e7b">
         <name>memcpy</name>
         <value>0x2000f8fd</value>
         <object_component_ref idref="oc-3b"/>
      </symbol>
      <symbol id="sm-e7c">
         <name>__aeabi_memcpy</name>
         <value>0x2000f8fd</value>
         <object_component_ref idref="oc-3b"/>
      </symbol>
      <symbol id="sm-e7d">
         <name>__aeabi_memcpy8</name>
         <value>0x2000f8fd</value>
         <object_component_ref idref="oc-3b"/>
      </symbol>
      <symbol id="sm-e7e">
         <name>__aeabi_memcpy4</name>
         <value>0x2000f8fd</value>
         <object_component_ref idref="oc-3b"/>
      </symbol>
      <symbol id="sm-e8b">
         <name>__aeabi_uldivmod</name>
         <value>0x2000f999</value>
         <object_component_ref idref="oc-598"/>
      </symbol>
      <symbol id="sm-e9d">
         <name>__TI_zero_init</name>
         <value>0x20012331</value>
         <object_component_ref idref="oc-4d"/>
      </symbol>
      <symbol id="sm-eb4">
         <name>__TI_decompress_none</name>
         <value>0x200122ff</value>
         <object_component_ref idref="oc-1a"/>
      </symbol>
      <symbol id="sm-ed7">
         <name>__TI_decompress_lzss</name>
         <value>0x200104fd</value>
         <object_component_ref idref="oc-14"/>
      </symbol>
      <symbol id="sm-f60">
         <name>_sys_memory</name>
         <value>0x20004040</value>
         <object_component_ref idref="oc-2a"/>
      </symbol>
      <symbol id="sm-f61">
         <name>free</name>
         <value>0x2000eba1</value>
         <object_component_ref idref="oc-41a"/>
      </symbol>
      <symbol id="sm-f62">
         <name>memalign</name>
         <value>0x2000e6c9</value>
         <object_component_ref idref="oc-747"/>
      </symbol>
      <symbol id="sm-f63">
         <name>malloc</name>
         <value>0x200123a5</value>
         <object_component_ref idref="oc-526"/>
      </symbol>
      <symbol id="sm-f64">
         <name>aligned_alloc</name>
         <value>0x2000e6c9</value>
         <object_component_ref idref="oc-747"/>
      </symbol>
      <symbol id="sm-f76">
         <name>__stack</name>
         <value>0x20003000</value>
         <object_component_ref idref="oc-2d"/>
      </symbol>
      <symbol id="sm-f77">
         <name>_c_int00_noargs</name>
         <value>0x20011cad</value>
         <object_component_ref idref="oc-c5"/>
      </symbol>
      <symbol id="sm-10dc">
         <name>__TI_printfi</name>
         <value>0x2000c041</value>
         <object_component_ref idref="oc-47e"/>
      </symbol>
      <symbol id="sm-10e6">
         <name>__aeabi_idiv0</name>
         <value>0x200115b3</value>
         <object_component_ref idref="oc-769"/>
      </symbol>
      <symbol id="sm-10e7">
         <name>__aeabi_ldiv0</name>
         <value>0x200115b3</value>
         <object_component_ref idref="oc-769"/>
      </symbol>
      <symbol id="sm-10fe">
         <name>__aeabi_dsub</name>
         <value>0x2000d749</value>
         <object_component_ref idref="oc-82f"/>
      </symbol>
      <symbol id="sm-10ff">
         <name>__aeabi_dadd</name>
         <value>0x2000d753</value>
         <object_component_ref idref="oc-82f"/>
      </symbol>
      <symbol id="sm-1121">
         <name>__aeabi_cdcmpeq</name>
         <value>0x2000fced</value>
         <object_component_ref idref="oc-61c"/>
      </symbol>
      <symbol id="sm-1122">
         <name>__aeabi_cdcmple</name>
         <value>0x2000fced</value>
         <object_component_ref idref="oc-61c"/>
      </symbol>
      <symbol id="sm-1123">
         <name>__aeabi_cdrcmple</name>
         <value>0x2000fd73</value>
         <object_component_ref idref="oc-81a"/>
      </symbol>
      <symbol id="sm-1137">
         <name>__aeabi_ddiv</name>
         <value>0x2000e231</value>
         <object_component_ref idref="oc-815"/>
      </symbol>
      <symbol id="sm-1142">
         <name>__aeabi_dmul</name>
         <value>0x2000e8c5</value>
         <object_component_ref idref="oc-810"/>
      </symbol>
      <symbol id="sm-114c">
         <name>__aeabi_d2iz</name>
         <value>0x20010fd1</value>
         <object_component_ref idref="oc-81f"/>
      </symbol>
      <symbol id="sm-1156">
         <name>__aeabi_i2d</name>
         <value>0x200119d9</value>
         <object_component_ref idref="oc-82a"/>
      </symbol>
      <symbol id="sm-1165">
         <name>__aeabi_memset</name>
         <value>0x20010173</value>
         <object_component_ref idref="oc-9d"/>
      </symbol>
      <symbol id="sm-1166">
         <name>memset</name>
         <value>0x20010179</value>
         <object_component_ref idref="oc-9d"/>
      </symbol>
      <symbol id="sm-1167">
         <name>__aeabi_memset8</name>
         <value>0x20010173</value>
         <object_component_ref idref="oc-9d"/>
      </symbol>
      <symbol id="sm-1168">
         <name>__aeabi_memset4</name>
         <value>0x20010173</value>
         <object_component_ref idref="oc-9d"/>
      </symbol>
      <symbol id="sm-1169">
         <name>__aeabi_memclr8</name>
         <value>0x20010171</value>
         <object_component_ref idref="oc-9d"/>
      </symbol>
      <symbol id="sm-116a">
         <name>__aeabi_memclr4</name>
         <value>0x20010171</value>
         <object_component_ref idref="oc-9d"/>
      </symbol>
      <symbol id="sm-116b">
         <name>__aeabi_memclr</name>
         <value>0x20010171</value>
         <object_component_ref idref="oc-9d"/>
      </symbol>
      <symbol id="sm-1193">
         <name>__TI_auto_init_nobinit_nopinit</name>
         <value>0x20011281</value>
         <object_component_ref idref="oc-179"/>
      </symbol>
      <symbol id="sm-119d">
         <name>_system_pre_init</name>
         <value>0x200123df</value>
         <object_component_ref idref="oc-119"/>
      </symbol>
      <symbol id="sm-11a9">
         <name>C$$EXIT</name>
         <value>0x200123e3</value>
         <object_component_ref idref="oc-16d"/>
      </symbol>
      <symbol id="sm-11aa">
         <name>abort</name>
         <value>0x200123e3</value>
         <object_component_ref idref="oc-16d"/>
      </symbol>
      <symbol id="sm-11bf">
         <name>_nop</name>
         <value>0x200102d7</value>
         <object_component_ref idref="oc-3c5"/>
      </symbol>
      <symbol id="sm-11c0">
         <name>_lock</name>
         <value>0x20012a94</value>
         <object_component_ref idref="oc-24f"/>
      </symbol>
      <symbol id="sm-11c1">
         <name>_unlock</name>
         <value>0x20012a98</value>
         <object_component_ref idref="oc-24f"/>
      </symbol>
      <symbol id="sm-11d0">
         <name>__TI_ltoa</name>
         <value>0x200109cd</value>
         <object_component_ref idref="oc-824"/>
      </symbol>
      <symbol id="sm-11e7">
         <name>atoi</name>
         <value>0x20010cf5</value>
         <object_component_ref idref="oc-610"/>
      </symbol>
      <symbol id="sm-11f2">
         <name>_ctypes_</name>
         <value>0x20012ac4</value>
         <object_component_ref idref="oc-809"/>
      </symbol>
      <symbol id="sm-1202">
         <name>memccpy</name>
         <value>0x20011e5d</value>
         <object_component_ref idref="oc-639"/>
      </symbol>
      <symbol id="sm-1212">
         <name>strchr</name>
         <value>0x20012071</value>
         <object_component_ref idref="oc-85b"/>
      </symbol>
      <symbol id="sm-1220">
         <name>strlen</name>
         <value>0x2001213d</value>
         <object_component_ref idref="oc-60a"/>
      </symbol>
      <symbol id="sm-1236">
         <name>__aeabi_errno_addr</name>
         <value>0x2001239d</value>
         <object_component_ref idref="oc-645"/>
      </symbol>
      <symbol id="sm-1237">
         <name>errno</name>
         <value>0x20012abc</value>
         <object_component_ref idref="oc-86b"/>
      </symbol>
      <symbol id="sm-1250">
         <name>wcslen</name>
         <value>0x200121ab</value>
         <object_component_ref idref="oc-63f"/>
      </symbol>
      <symbol id="sm-1270">
         <name>frexpl</name>
         <value>0x200107b9</value>
         <object_component_ref idref="oc-84f"/>
      </symbol>
      <symbol id="sm-1271">
         <name>frexp</name>
         <value>0x200107b9</value>
         <object_component_ref idref="oc-84f"/>
      </symbol>
      <symbol id="sm-128f">
         <name>scalbn</name>
         <value>0x2000ec85</value>
         <object_component_ref idref="oc-855"/>
      </symbol>
      <symbol id="sm-1290">
         <name>scalbnl</name>
         <value>0x2000ec85</value>
         <object_component_ref idref="oc-855"/>
      </symbol>
      <symbol id="sm-1291">
         <name>ldexpl</name>
         <value>0x2000ec85</value>
         <object_component_ref idref="oc-855"/>
      </symbol>
      <symbol id="sm-1292">
         <name>ldexp</name>
         <value>0x2000ec85</value>
         <object_component_ref idref="oc-855"/>
      </symbol>
      <symbol id="sm-129c">
         <name>copysign</name>
         <value>0x20012325</value>
         <object_component_ref idref="oc-9f2"/>
      </symbol>
      <symbol id="sm-129d">
         <name>copysignl</name>
         <value>0x20012325</value>
         <object_component_ref idref="oc-9f2"/>
      </symbol>
      <symbol id="sm-129e">
         <name>__TI_static_base__</name>
         <value>0x20013440</value>
      </symbol>
      <symbol id="sm-12a1">
         <name>ITM_flush</name>
         <value>0x0</value>
      </symbol>
      <symbol id="sm-12a2">
         <name>ITM_restore</name>
         <value>0x0</value>
      </symbol>
      <symbol id="sm-12a3">
         <name>__mpu_init</name>
         <value>0x0</value>
      </symbol>
      <symbol id="sm-12a4">
         <name>_system_post_cinit</name>
         <value>0x0</value>
      </symbol>
      <symbol id="sm-12a5">
         <name>NoRTOS_start</name>
         <value>0x200122c7</value>
      </symbol>
   </symbol_table>
   <title>Link successful</title>
</link_info>
